Archive member included to satisfy reference by file (symbol)

C:/Program Files/SEGGER/SEGGER Embedded Studio for ARM 5.70a/lib/libm_v7em_fpv4_sp_d16_hard_t_le_eabi.a(libm_asm.o)
                              Output/Release/Obj/timer_pca10040/main.o (__aeabi_dadd)
C:/Program Files/SEGGER/SEGGER Embedded Studio for ARM 5.70a/lib/libc_v7em_fpv4_sp_d16_hard_t_le_eabi.a(libc2.o)
                              Output/Release/Obj/timer_pca10040/nrf_log_str_formatter.o (isprint)
C:/Program Files/SEGGER/SEGGER Embedded Studio for ARM 5.70a/lib/libc_v7em_fpv4_sp_d16_hard_t_le_eabi.a(libc2_asm.o)
                              Output/Release/Obj/timer_pca10040/nrf_log_frontend.o (memcpy)
C:/Program Files/SEGGER/SEGGER Embedded Studio for ARM 5.70a/lib/libc_v7em_fpv4_sp_d16_hard_t_le_eabi.a(libvfprintf.o)
                              (__vfprintf_long)
C:/Program Files/SEGGER/SEGGER Embedded Studio for ARM 5.70a/lib/libc_v7em_fpv4_sp_d16_hard_t_le_eabi.a(libvfscanf.o)
                              (__vfscanf_long)
C:/Program Files/SEGGER/SEGGER Embedded Studio for ARM 5.70a/lib/libc_v7em_fpv4_sp_d16_hard_t_le_eabi.a(libc.o)
                              C:/Program Files/SEGGER/SEGGER Embedded Studio for ARM 5.70a/lib/libc_v7em_fpv4_sp_d16_hard_t_le_eabi.a(libc2.o) (__heap_lock)
C:/Program Files/SEGGER/SEGGER Embedded Studio for ARM 5.70a/lib/libc_v7em_fpv4_sp_d16_hard_t_le_eabi.a(libc_asm.o)
                              C:/Program Files/SEGGER/SEGGER Embedded Studio for ARM 5.70a/lib/libc_v7em_fpv4_sp_d16_hard_t_le_eabi.a(libc2.o) (__aeabi_uldivmod)
C:/Program Files/SEGGER/SEGGER Embedded Studio for ARM 5.70a/lib/libdebugio_v7em_fpv4_sp_d16_hard_t_le_eabi.a(libdebugio.o)
                              Output/Release/Obj/timer_pca10040/thumb_crt0.o (debug_fopen)
C:/Program Files/SEGGER/SEGGER Embedded Studio for ARM 5.70a/lib/libdebugio_v7em_fpv4_sp_d16_hard_t_le_eabi.a(do_nv_debug_operation.o)
                              C:/Program Files/SEGGER/SEGGER Embedded Studio for ARM 5.70a/lib/libdebugio_v7em_fpv4_sp_d16_hard_t_le_eabi.a(libdebugio.o) (__do_nvdebug_operation)
C:/Program Files/SEGGER/SEGGER Embedded Studio for ARM 5.70a/lib/libdebugio_v7em_fpv4_sp_d16_hard_t_le_eabi.a(mempoll_debug_operations.o)
                              (__do_debug_operation_mempoll)
C:/Program Files/SEGGER/SEGGER Embedded Studio for ARM 5.70a/lib/libm_v7em_fpv4_sp_d16_hard_t_le_eabi.a(libm2.o)
                              C:/Program Files/SEGGER/SEGGER Embedded Studio for ARM 5.70a/lib/libc_v7em_fpv4_sp_d16_hard_t_le_eabi.a(libvfprintf.o) (frexp)

Discarded input sections

 .text          0x0000000000000000        0x0 Output/Release/Obj/timer_pca10040/thumb_crt0.o
 .data          0x0000000000000000        0x0 Output/Release/Obj/timer_pca10040/thumb_crt0.o
 .bss           0x0000000000000000        0x0 Output/Release/Obj/timer_pca10040/thumb_crt0.o
 .text.__aeabi_read_tp
                0x0000000000000000        0x8 Output/Release/Obj/timer_pca10040/thumb_crt0.o
 .text.abort    0x0000000000000000        0x2 Output/Release/Obj/timer_pca10040/thumb_crt0.o
 .text.__assert
                0x0000000000000000        0x2 Output/Release/Obj/timer_pca10040/thumb_crt0.o
 .text.__assert_func
                0x0000000000000000        0x2 Output/Release/Obj/timer_pca10040/thumb_crt0.o
 .text.__aeabi_assert
                0x0000000000000000        0x2 Output/Release/Obj/timer_pca10040/thumb_crt0.o
 .text.__sync_synchronize
                0x0000000000000000        0x2 Output/Release/Obj/timer_pca10040/thumb_crt0.o
 .text.__getchar
                0x0000000000000000        0x4 Output/Release/Obj/timer_pca10040/thumb_crt0.o
 .text.__putchar
                0x0000000000000000        0x4 Output/Release/Obj/timer_pca10040/thumb_crt0.o
 .text.__open   0x0000000000000000        0x4 Output/Release/Obj/timer_pca10040/thumb_crt0.o
 .text.__close  0x0000000000000000        0x4 Output/Release/Obj/timer_pca10040/thumb_crt0.o
 .text.__write  0x0000000000000000        0xa Output/Release/Obj/timer_pca10040/thumb_crt0.o
 .text.__read   0x0000000000000000        0xa Output/Release/Obj/timer_pca10040/thumb_crt0.o
 .text.__seek   0x0000000000000000       0x1a Output/Release/Obj/timer_pca10040/thumb_crt0.o
 .text.remove   0x0000000000000000        0x4 Output/Release/Obj/timer_pca10040/thumb_crt0.o
 .text.rename   0x0000000000000000        0x4 Output/Release/Obj/timer_pca10040/thumb_crt0.o
 .bss.__user_locale_name_buffer
                0x0000000000000000        0x4 Output/Release/Obj/timer_pca10040/thumb_crt0.o
 .stack         0x0000000000000000        0x0 Output/Release/Obj/timer_pca10040/thumb_crt0.o
 .stack_process
                0x0000000000000000        0x0 Output/Release/Obj/timer_pca10040/thumb_crt0.o
 .heap          0x0000000000000000        0x0 Output/Release/Obj/timer_pca10040/thumb_crt0.o
 .group         0x0000000000000000        0xc Output/Release/Obj/timer_pca10040/nrf_log_frontend.o
[...]
Memory Configuration

Name             Origin             Length             Attributes
UNPLACED_SECTIONS 0x0000000100000000 0x0000000000000000 xw
RAM1             0x0000000020000000 0x0000000000010000 xw
FLASH1           0x0000000000000000 0x0000000000080000 xw
*default*        0x0000000000000000 0xffffffffffffffff

Linker script and memory map

                0x0000000000000000                __do_debug_operation = __do_debug_operation_mempoll
                0x0000000000004698                __vfprintf = __vfprintf_long
                0x0000000000000000                __vfscanf = __vfscanf_long
                0x0000000020000000                __RAM1_segment_start__ = 0x20000000
                0x0000000020010000                __RAM1_segment_end__ = 0x20010000
                0x0000000000010000                __RAM1_segment_size__ = 0x10000
                0x0000000000000000                __FLASH1_segment_start__ = 0x0
                0x0000000000080000                __FLASH1_segment_end__ = 0x80000
                0x0000000000080000                __FLASH1_segment_size__ = 0x80000
                0x0000000000002000                __HEAPSIZE__ = 0x2000
                0x0000000000000000                __STACKSIZE_PROCESS__ = 0x0
                0x0000000000002000                __STACKSIZE__ = 0x2000
                0x0000000020000000                __vectors_ram_load_start__ = 0x20000000

.vectors_ram    0x0000000020000000        0x0
                0x0000000020000000                __vectors_ram_start__ = .
                0x0000000020000000                __app_ram_start__ = __vectors_ram_start__
 *(.vectors_ram .vectors_ram.*)
                0x0000000020000000                __vectors_ram_end__ = (__vectors_ram_start__ + SIZEOF (.vectors_ram))
                0x0000000000000000                __vectors_ram_size__ = SIZEOF (.vectors_ram)
                0x0000000020000000                __vectors_ram_load_end__ = __vectors_ram_end__
                0x0000000000000001                . = ASSERT (((__vectors_ram_start__ == __vectors_ram_end__) || ((__vectors_ram_end__ - __RAM1_segment_start__) <= __RAM1_segment_size__)), error: .vectors_ram is too large to fit in RAM1 memory segment)
                0x0000000020000000                __nrf_sections_run_load_start__ = ALIGN (__vectors_ram_end__, 0x4)

.nrf_sections_run
                0x0000000020000000        0x0
                0x0000000020000000                __nrf_sections_run_start__ = .
                0x0000000020000000                __start_nrf_sections_run = __nrf_sections_run_start__
 *(.nrf_sections_run .nrf_sections_run.*)
                0x0000000020000000                __nrf_sections_run_end__ = (__nrf_sections_run_start__ + SIZEOF (.nrf_sections_run))
                0x0000000000000000                __nrf_sections_run_size__ = SIZEOF (.nrf_sections_run)
                0x0000000020000000                __nrf_sections_run_load_end__ = __nrf_sections_run_end__
                0x0000000000000001                . = ASSERT (((__nrf_sections_run_start__ == __nrf_sections_run_end__) || ((__nrf_sections_run_end__ - __RAM1_segment_start__) <= __RAM1_segment_size__)), error: .nrf_sections_run is too large to fit in RAM1 memory segment)
                0x0000000000000000                __vectors_load_start__ = 0x0

.vectors        0x0000000000000000      0x200
                0x0000000000000000                __vectors_start__ = .
 *(.vectors .vectors.*)
 .vectors       0x0000000000000000      0x200 Output/Release/Obj/timer_pca10040/ses_startup_nrf52.o
                0x0000000000000000                _vectors
                0x0000000000000200                __vectors_end__ = (__vectors_start__ + SIZEOF (.vectors))
                0x0000000000000200                __vectors_size__ = SIZEOF (.vectors)
                0x0000000000000200                __vectors_load_end__ = __vectors_end__
                0x0000000000000001                . = ASSERT (((__vectors_start__ == __vectors_end__) || ((__vectors_end__ - __FLASH1_segment_start__) <= __FLASH1_segment_size__)), error: .vectors is too large to fit in FLASH1 memory segment)
                0x0000000000000200                __init_load_start__ = ALIGN (__vectors_end__, 0x4)

.init           0x0000000000000200      0x1d0
                0x0000000000000200                __init_start__ = .
 *(.init .init.*)
 .init          0x0000000000000200      0x15c Output/Release/Obj/timer_pca10040/thumb_crt0.o
                0x0000000000000200                _start
                0x00000000000002b4                exit
 .init          0x000000000000035c       0x18 Output/Release/Obj/timer_pca10040/ses_startup_nrf52.o
                0x000000000000035c                NMI_Handler
                0x000000000000035e                HardFault_Handler
                0x0000000000000360                MemoryManagement_Handler
                0x0000000000000362                BusFault_Handler
                0x0000000000000364                UsageFault_Handler
                0x0000000000000366                SVC_Handler
                0x0000000000000368                DebugMon_Handler
                0x000000000000036a                PendSV_Handler
                0x000000000000036c                SysTick_Handler
                0x000000000000036e                PWM1_IRQHandler
                0x000000000000036e                GPIOTE_IRQHandler
                0x000000000000036e                SWI0_EGU0_IRQHandler
                0x000000000000036e                POWER_CLOCK_IRQHandler
                0x000000000000036e                RADIO_IRQHandler
                0x000000000000036e                PDM_IRQHandler
                0x000000000000036e                RTC0_IRQHandler
                0x000000000000036e                QDEC_IRQHandler
                0x000000000000036e                TIMER3_IRQHandler
                0x000000000000036e                FPU_IRQHandler
                0x000000000000036e                SWI2_EGU2_IRQHandler
                0x000000000000036e                TIMER4_IRQHandler
                0x000000000000036e                I2S_IRQHandler
                0x000000000000036e                SWI4_EGU4_IRQHandler
                0x000000000000036e                Dummy_Handler
                0x000000000000036e                TIMER1_IRQHandler
                0x000000000000036e                PWM2_IRQHandler
                0x000000000000036e                ECB_IRQHandler
                0x000000000000036e                CCM_AAR_IRQHandler
                0x000000000000036e                WDT_IRQHandler
                0x000000000000036e                TEMP_IRQHandler
                0x000000000000036e                SWI5_EGU5_IRQHandler
                0x000000000000036e                RNG_IRQHandler
                0x000000000000036e                RTC2_IRQHandler
                0x000000000000036e                PWM0_IRQHandler
                0x000000000000036e                SWI3_EGU3_IRQHandler
                0x000000000000036e                RTC1_IRQHandler
                0x000000000000036e                SWI1_EGU1_IRQHandler
                0x000000000000036e                SPIM2_SPIS2_SPI2_IRQHandler
                0x000000000000036e                NFCT_IRQHandler
                0x000000000000036e                TIMER2_IRQHandler
                0x000000000000036e                MWU_IRQHandler
                0x000000000000036e                COMP_LPCOMP_IRQHandler
                0x0000000000000370                nRFInitialize
 .init          0x0000000000000374       0x5c Output/Release/Obj/timer_pca10040/ses_startup_nrf_common.o
                0x0000000000000374                Reset_Handler
                0x0000000000000378                afterInitialize
                0x000000000000039c                InitializeUserMemorySections
                0x00000000000003d0                __init_end__ = (__init_start__ + SIZEOF (.init))
                0x00000000000001d0                __init_size__ = SIZEOF (.init)
                0x00000000000003d0                __init_load_end__ = __init_end__
                0x0000000000000001                . = ASSERT (((__init_start__ == __init_end__) || ((__init_end__ - __FLASH1_segment_start__) <= __FLASH1_segment_size__)), error: .init is too large to fit in FLASH1 memory segment)
                0x00000000000003d0                __init_rodata_load_start__ = ALIGN (__init_end__, 0x4)

.init_rodata    0x00000000000003d0        0x0
                0x00000000000003d0                __init_rodata_start__ = .
 *(.init_rodata .init_rodata.*)
                0x00000000000003d0                __init_rodata_end__ = (__init_rodata_start__ + SIZEOF (.init_rodata))
                0x0000000000000000                __init_rodata_size__ = SIZEOF (.init_rodata)
                0x00000000000003d0                __init_rodata_load_end__ = __init_rodata_end__
                0x0000000000000001                . = ASSERT (((__init_rodata_start__ == __init_rodata_end__) || ((__init_rodata_end__ - __FLASH1_segment_start__) <= __FLASH1_segment_size__)), error: .init_rodata is too large to fit in FLASH1 memory segment)
                0x00000000000003d0                __text_load_start__ = ALIGN (__init_rodata_end__, 0x4)

.text           0x00000000000003d0     0x48c4
                0x00000000000003d0                __text_start__ = .
 *(.text .text.* .glue_7t .glue_7 .gnu.linkonce.t.* .gcc_except_table .ARM.extab* .gnu.linkonce.armextab.*)
 .glue_7        0x00000000000003d0        0x0 linker stubs
 .glue_7t       0x00000000000003d0        0x0 linker stubs
 .text.invalid_packets_omit
                0x00000000000003d0       0x3a Output/Release/Obj/timer_pca10040/nrf_log_frontend.o
 *fill*         0x000000000000040a        0x2 
 .text.buf_prealloc
                0x000000000000040c      0x11c Output/Release/Obj/timer_pca10040/nrf_log_frontend.o
 .text.nrf_log_init
                0x0000000000000528       0x28 Output/Release/Obj/timer_pca10040/nrf_log_frontend.o
                0x0000000000000528                nrf_log_init
 .text.nrf_log_module_name_get
                0x0000000000000550       0x38 Output/Release/Obj/timer_pca10040/nrf_log_frontend.o
                0x0000000000000550                nrf_log_module_name_get
 .text.nrf_log_color_id_get
                0x0000000000000588       0x2c Output/Release/Obj/timer_pca10040/nrf_log_frontend.o
                0x0000000000000588                nrf_log_color_id_get
 .text.log_pending_hook
                0x00000000000005b4        0x2 Output/Release/Obj/timer_pca10040/nrf_log_frontend.o
                0x00000000000005b4                log_pending_hook
 *fill*         0x00000000000005b6        0x2 
 .text.buffer_is_empty
                0x00000000000005b8       0x14 Output/Release/Obj/timer_pca10040/nrf_log_frontend.o
                0x00000000000005b8                buffer_is_empty
 .text.nrf_log_frontend_dequeue
                0x00000000000005cc      0x200 Output/Release/Obj/timer_pca10040/nrf_log_frontend.o
                0x00000000000005cc                nrf_log_frontend_dequeue
 .text.std_n    0x00000000000007cc       0x90 Output/Release/Obj/timer_pca10040/nrf_log_frontend.o
 .text.nrf_log_frontend_std_0
                0x000000000000085c        0x8 Output/Release/Obj/timer_pca10040/nrf_log_frontend.o
                0x000000000000085c                nrf_log_frontend_std_0
 .text.nrf_log_backend_add
                0x0000000000000864       0x44 Output/Release/Obj/timer_pca10040/nrf_log_frontend.o
                0x0000000000000864                nrf_log_backend_add
 .text.nrf_log_panic
                0x00000000000008a8       0x28 Output/Release/Obj/timer_pca10040/nrf_log_frontend.o
                0x00000000000008a8                nrf_log_panic
 .text.prefix_process
                0x00000000000008d0       0x7c Output/Release/Obj/timer_pca10040/nrf_log_str_formatter.o
 .text.postfix_process
                0x000000000000094c       0x44 Output/Release/Obj/timer_pca10040/nrf_log_str_formatter.o
 .text.nrf_log_std_entry_process
                0x0000000000000990       0xc8 Output/Release/Obj/timer_pca10040/nrf_log_str_formatter.o
                0x0000000000000990                nrf_log_std_entry_process
 .text.nrf_log_hexdump_entry_process
                0x0000000000000a58       0xc0 Output/Release/Obj/timer_pca10040/nrf_log_str_formatter.o
                0x0000000000000a58                nrf_log_hexdump_entry_process
 .text.nrf_log_default_backends_init
                0x0000000000000b18       0x38 Output/Release/Obj/timer_pca10040/nrf_log_default_backends.o
                0x0000000000000b18                nrf_log_default_backends_init
 .text.nrf_log_backend_rtt_flush
                0x0000000000000b50        0x2 Output/Release/Obj/timer_pca10040/nrf_log_backend_rtt.o
 *fill*         0x0000000000000b52        0x2 
 .text.nrf_log_backend_rtt_put
                0x0000000000000b54       0x1c Output/Release/Obj/timer_pca10040/nrf_log_backend_rtt.o
 .text.serial_tx
                0x0000000000000b70       0x50 Output/Release/Obj/timer_pca10040/nrf_log_backend_rtt.o
 .text.nrf_log_backend_rtt_panic_set
                0x0000000000000bc0        0x2 Output/Release/Obj/timer_pca10040/nrf_log_backend_rtt.o
 .text.nrf_log_backend_rtt_init
                0x0000000000000bc2        0x4 Output/Release/Obj/timer_pca10040/nrf_log_backend_rtt.o
                0x0000000000000bc2                nrf_log_backend_rtt_init
 .text.nrf_log_backend_serial_put
                0x0000000000000bc6       0xc2 Output/Release/Obj/timer_pca10040/nrf_log_backend_serial.o
                0x0000000000000bc6                nrf_log_backend_serial_put
 .text.uart_evt_handler
                0x0000000000000c88        0xc Output/Release/Obj/timer_pca10040/nrf_log_backend_uart.o
 .text.nrf_log_backend_uart_flush
                0x0000000000000c94        0x2 Output/Release/Obj/timer_pca10040/nrf_log_backend_uart.o
 *fill*         0x0000000000000c96        0x2 
 .text.uart_init
                0x0000000000000c98       0x4c Output/Release/Obj/timer_pca10040/nrf_log_backend_uart.o
 .text.nrf_log_backend_uart_put
                0x0000000000000ce4       0x1c Output/Release/Obj/timer_pca10040/nrf_log_backend_uart.o
 .text.serial_tx
                0x0000000000000d00       0x48 Output/Release/Obj/timer_pca10040/nrf_log_backend_uart.o
 .text.nrf_log_backend_uart_panic_set
                0x0000000000000d48       0x2c Output/Release/Obj/timer_pca10040/nrf_log_backend_uart.o
 .text.nrf_log_backend_uart_init
                0x0000000000000d74        0x6 Output/Release/Obj/timer_pca10040/nrf_log_backend_uart.o
                0x0000000000000d74                nrf_log_backend_uart_init
 .text.app_error_handler_bare
                0x0000000000000d7a       0x1a Output/Release/Obj/timer_pca10040/app_error.o
                0x0000000000000d7a                app_error_handler_bare
 .text.app_error_fault_handler
                0x0000000000000d94       0x6c Output/Release/Obj/timer_pca10040/app_error_weak.o
                0x0000000000000d94                app_error_fault_handler
 .text.app_util_disable_irq
                0x0000000000000e00       0x10 Output/Release/Obj/timer_pca10040/app_util_platform.o
                0x0000000000000e00                app_util_disable_irq
 .text.app_util_enable_irq
                0x0000000000000e10       0x14 Output/Release/Obj/timer_pca10040/app_util_platform.o
                0x0000000000000e10                app_util_enable_irq
 .text.app_util_critical_region_enter
                0x0000000000000e24        0x4 Output/Release/Obj/timer_pca10040/app_util_platform.o
                0x0000000000000e24                app_util_critical_region_enter
 .text.app_util_critical_region_exit
                0x0000000000000e28        0x4 Output/Release/Obj/timer_pca10040/app_util_platform.o
                0x0000000000000e28                app_util_critical_region_exit
 .text.nrf_atomic_u32_fetch_store
                0x0000000000000e2c       0x16 Output/Release/Obj/timer_pca10040/nrf_atomic.o
                0x0000000000000e2c                nrf_atomic_u32_fetch_store
 .text.nrf_atomic_u32_or
                0x0000000000000e42       0x18 Output/Release/Obj/timer_pca10040/nrf_atomic.o
                0x0000000000000e42                nrf_atomic_u32_or
 .text.nrf_atomic_u32_fetch_and
                0x0000000000000e5a       0x18 Output/Release/Obj/timer_pca10040/nrf_atomic.o
                0x0000000000000e5a                nrf_atomic_u32_fetch_and
 .text.nrf_atomic_u32_add
                0x0000000000000e72       0x18 Output/Release/Obj/timer_pca10040/nrf_atomic.o
                0x0000000000000e72                nrf_atomic_u32_add
 .text.nrf_atomic_u32_sub
                0x0000000000000e8a       0x18 Output/Release/Obj/timer_pca10040/nrf_atomic.o
                0x0000000000000e8a                nrf_atomic_u32_sub
 .text.nrf_atomic_flag_set
                0x0000000000000ea2        0x6 Output/Release/Obj/timer_pca10040/nrf_atomic.o
                0x0000000000000ea2                nrf_atomic_flag_set
 .text.nrf_atomic_flag_clear_fetch
                0x0000000000000ea8        0x6 Output/Release/Obj/timer_pca10040/nrf_atomic.o
                0x0000000000000ea8                nrf_atomic_flag_clear_fetch
 .text.nrf_balloc_init
                0x0000000000000eae       0x2e Output/Release/Obj/timer_pca10040/nrf_balloc.o
                0x0000000000000eae                nrf_balloc_init
 .text.nrf_balloc_alloc
                0x0000000000000edc       0x40 Output/Release/Obj/timer_pca10040/nrf_balloc.o
                0x0000000000000edc                nrf_balloc_alloc
 .text.nrf_balloc_free
                0x0000000000000f1c       0x2a Output/Release/Obj/timer_pca10040/nrf_balloc.o
                0x0000000000000f1c                nrf_balloc_free
 .text.nrf_fprintf_buffer_flush
                0x0000000000000f46       0x16 Output/Release/Obj/timer_pca10040/nrf_fprintf.o
                0x0000000000000f46                nrf_fprintf_buffer_flush
 .text.nrf_fprintf
                0x0000000000000f5c       0x1c Output/Release/Obj/timer_pca10040/nrf_fprintf.o
                0x0000000000000f5c                nrf_fprintf
 .text.buffer_add
                0x0000000000000f78       0x2e Output/Release/Obj/timer_pca10040/nrf_fprintf_format.o
 *fill*         0x0000000000000fa6        0x2 
 .text.unsigned_print
                0x0000000000000fa8       0xb4 Output/Release/Obj/timer_pca10040/nrf_fprintf_format.o
 .text.nrf_fprintf_fmt
                0x000000000000105c      0x294 Output/Release/Obj/timer_pca10040/nrf_fprintf_format.o
                0x000000000000105c                nrf_fprintf_fmt
 .text.memobj_op
                0x00000000000012f0       0x86 Output/Release/Obj/timer_pca10040/nrf_memobj.o
 .text.nrf_memobj_pool_init
                0x0000000000001376        0x4 Output/Release/Obj/timer_pca10040/nrf_memobj.o
                0x0000000000001376                nrf_memobj_pool_init
 .text.nrf_memobj_free
                0x000000000000137a       0x2c Output/Release/Obj/timer_pca10040/nrf_memobj.o
                0x000000000000137a                nrf_memobj_free
 .text.nrf_memobj_alloc
                0x00000000000013a6       0x5e Output/Release/Obj/timer_pca10040/nrf_memobj.o
                0x00000000000013a6                nrf_memobj_alloc
 .text.nrf_memobj_get
                0x0000000000001404        0x8 Output/Release/Obj/timer_pca10040/nrf_memobj.o
                0x0000000000001404                nrf_memobj_get
 .text.nrf_memobj_put
                0x000000000000140c       0x1c Output/Release/Obj/timer_pca10040/nrf_memobj.o
                0x000000000000140c                nrf_memobj_put
 .text.nrf_memobj_write
                0x0000000000001428       0x14 Output/Release/Obj/timer_pca10040/nrf_memobj.o
                0x0000000000001428                nrf_memobj_write
 .text.nrf_memobj_read
                0x000000000000143c       0x14 Output/Release/Obj/timer_pca10040/nrf_memobj.o
                0x000000000000143c                nrf_memobj_read
 .text.nrf_ringbuf_init
                0x0000000000001450       0x12 Output/Release/Obj/timer_pca10040/nrf_ringbuf.o
                0x0000000000001450                nrf_ringbuf_init
 *fill*         0x0000000000001462        0x2 
 .text.nrfx_timer_init
                0x0000000000001464       0xd0 Output/Release/Obj/timer_pca10040/nrfx_timer.o
                0x0000000000001464                nrfx_timer_init
 .text.nrfx_timer_enable
                0x0000000000001534       0x1c Output/Release/Obj/timer_pca10040/nrfx_timer.o
                0x0000000000001534                nrfx_timer_enable
 .text.nrfx_timer_compare
                0x0000000000001550       0x32 Output/Release/Obj/timer_pca10040/nrfx_timer.o
                0x0000000000001550                nrfx_timer_compare
 .text.nrfx_timer_extended_compare
                0x0000000000001582       0x2a Output/Release/Obj/timer_pca10040/nrfx_timer.o
                0x0000000000001582                nrfx_timer_extended_compare
 .text.TIMER0_IRQHandler
                0x00000000000015ac       0x54 Output/Release/Obj/timer_pca10040/nrfx_timer.o
                0x00000000000015ac                TIMER0_IRQHandler
 .text.nrf_saadc_event_clear
                0x0000000000001600       0x18 Output/Release/Obj/timer_pca10040/nrfx_saadc.o
 .text.SAADC_IRQHandler
                0x0000000000001618      0x154 Output/Release/Obj/timer_pca10040/nrfx_saadc.o
                0x0000000000001618                SAADC_IRQHandler
 .text.nrf_twim_event_clear
                0x000000000000176c       0x10 Output/Release/Obj/timer_pca10040/nrfx_twim.o
 .text.xfer_completeness_check
                0x000000000000177c       0x60 Output/Release/Obj/timer_pca10040/nrfx_twim.o
 .text.twim_irq_handler
                0x00000000000017dc      0x178 Output/Release/Obj/timer_pca10040/nrfx_twim.o
 .text.SPIM0_SPIS0_TWIM0_TWIS0_SPI0_TWI0_IRQHandler
                0x0000000000001954       0x10 Output/Release/Obj/timer_pca10040/nrfx_twim.o
                0x0000000000001954                SPIM0_SPIS0_TWIM0_TWIS0_SPI0_TWI0_IRQHandler
 .text.SPIM1_SPIS1_TWIM1_TWIS1_SPI1_TWI1_IRQHandler
                0x0000000000001964       0x10 Output/Release/Obj/timer_pca10040/nrfx_twim.o
                0x0000000000001964                SPIM1_SPIS1_TWIM1_TWIS1_SPI1_TWI1_IRQHandler
 .text.nrfx_twim_init
                0x0000000000001974       0xdc Output/Release/Obj/timer_pca10040/nrfx_twim.o
                0x0000000000001974                nrfx_twim_init
 .text.nrfx_twim_enable
                0x0000000000001a50       0x20 Output/Release/Obj/timer_pca10040/nrfx_twim.o
                0x0000000000001a50                nrfx_twim_enable
 .text.nrfx_twim_xfer
                0x0000000000001a70      0x2d4 Output/Release/Obj/timer_pca10040/nrfx_twim.o
                0x0000000000001a70                nrfx_twim_xfer
 .text.nrfx_twim_tx
                0x0000000000001d44       0x2c Output/Release/Obj/timer_pca10040/nrfx_twim.o
                0x0000000000001d44                nrfx_twim_tx
 .text.nrfx_twim_rx
                0x0000000000001d70       0x24 Output/Release/Obj/timer_pca10040/nrfx_twim.o
                0x0000000000001d70                nrfx_twim_rx
 .text.twim_evt_handler
                0x0000000000001d94       0x40 Output/Release/Obj/timer_pca10040/nrf_drv_twi.o
 .text.nrfx_coredep_delay_us.part.0.constprop.0
                0x0000000000001dd4       0x10 Output/Release/Obj/timer_pca10040/nrf_drv_twi.o
 .text.nrf_drv_twi_init
                0x0000000000001de4       0xe0 Output/Release/Obj/timer_pca10040/nrf_drv_twi.o
                0x0000000000001de4                nrf_drv_twi_init
 .text.UARTE0_UART0_IRQHandler
                0x0000000000001ec4        0xc Output/Release/Obj/timer_pca10040/nrfx_prs.o
                0x0000000000001ec4                UARTE0_UART0_IRQHandler
 .text.nrfx_prs_acquire
                0x0000000000001ed0       0x38 Output/Release/Obj/timer_pca10040/nrfx_prs.o
                0x0000000000001ed0                nrfx_prs_acquire
 .text.nrfx_prs_release
                0x0000000000001f08       0x18 Output/Release/Obj/timer_pca10040/nrfx_prs.o
                0x0000000000001f08                nrfx_prs_release
 .text.uarte_evt_handler
                0x0000000000001f20       0x34 Output/Release/Obj/timer_pca10040/nrf_drv_uart.o
 .text.uart_evt_handler
                0x0000000000001f54       0x34 Output/Release/Obj/timer_pca10040/nrf_drv_uart.o
 .text.nrf_drv_uart_init
                0x0000000000001f88       0x7c Output/Release/Obj/timer_pca10040/nrf_drv_uart.o
                0x0000000000001f88                nrf_drv_uart_init
 .text.nrf_uart_event_clear
                0x0000000000002004       0x10 Output/Release/Obj/timer_pca10040/nrfx_uart.o
 .text.tx_byte  0x0000000000002014       0x1e Output/Release/Obj/timer_pca10040/nrfx_uart.o
 .text.rx_byte  0x0000000000002032       0x2c Output/Release/Obj/timer_pca10040/nrfx_uart.o
 *fill*         0x000000000000205e        0x2 
 .text.rx_done_event.constprop.0
                0x0000000000002060       0x20 Output/Release/Obj/timer_pca10040/nrfx_uart.o
 .text.nrfx_uart_0_irq_handler
                0x0000000000002080      0x140 Output/Release/Obj/timer_pca10040/nrfx_uart.o
                0x0000000000002080                nrfx_uart_0_irq_handler
 .text.nrfx_uart_init
                0x00000000000021c0      0x168 Output/Release/Obj/timer_pca10040/nrfx_uart.o
                0x00000000000021c0                nrfx_uart_init
 .text.nrfx_uart_uninit
                0x0000000000002328       0xd4 Output/Release/Obj/timer_pca10040/nrfx_uart.o
                0x0000000000002328                nrfx_uart_uninit
 .text.nrfx_uart_tx_in_progress
                0x00000000000023fc       0x18 Output/Release/Obj/timer_pca10040/nrfx_uart.o
                0x00000000000023fc                nrfx_uart_tx_in_progress
 .text.nrfx_uart_tx
                0x0000000000002414       0xa0 Output/Release/Obj/timer_pca10040/nrfx_uart.o
                0x0000000000002414                nrfx_uart_tx
 .text.nrf_uarte_event_clear
                0x00000000000024b4       0x10 Output/Release/Obj/timer_pca10040/nrfx_uarte.o
 .text.rx_done_event.constprop.0
                0x00000000000024c4       0x20 Output/Release/Obj/timer_pca10040/nrfx_uarte.o
 .text.nrfx_uarte_0_irq_handler
                0x00000000000024e4      0x118 Output/Release/Obj/timer_pca10040/nrfx_uarte.o
                0x00000000000024e4                nrfx_uarte_0_irq_handler
 .text.nrfx_uarte_init
                0x00000000000025fc      0x184 Output/Release/Obj/timer_pca10040/nrfx_uarte.o
                0x00000000000025fc                nrfx_uarte_init
 .text.nrfx_uarte_uninit
                0x0000000000002780      0x120 Output/Release/Obj/timer_pca10040/nrfx_uarte.o
                0x0000000000002780                nrfx_uarte_uninit
 .text.nrfx_uarte_tx_in_progress
                0x00000000000028a0       0x18 Output/Release/Obj/timer_pca10040/nrfx_uarte.o
                0x00000000000028a0                nrfx_uarte_tx_in_progress
 .text.nrfx_uarte_tx
                0x00000000000028b8       0x9c Output/Release/Obj/timer_pca10040/nrfx_uarte.o
                0x00000000000028b8                nrfx_uarte_tx
 .text.timer0_handler
                0x0000000000002954       0x30 Output/Release/Obj/timer_pca10040/main.o
                0x0000000000002954                timer0_handler
 .text.twi_init
                0x0000000000002984       0x3c Output/Release/Obj/timer_pca10040/main.o
                0x0000000000002984                twi_init
 .text.log_init
                0x00000000000029c0       0x18 Output/Release/Obj/timer_pca10040/main.o
                0x00000000000029c0                log_init
 .text.timer_init
                0x00000000000029d8       0x54 Output/Release/Obj/timer_pca10040/main.o
                0x00000000000029d8                timer_init
 .text.startup.main
                0x0000000000002a2c      0x198 Output/Release/Obj/timer_pca10040/main.o
                0x0000000000002a2c                main
 .text.nrf52_errata_12
                0x0000000000002bc4       0x1c Output/Release/Obj/timer_pca10040/system_nrf52.o
 .text.nrf52_errata_16
                0x0000000000002be0       0x28 Output/Release/Obj/timer_pca10040/system_nrf52.o
 .text.nvmc_wait
                0x0000000000002c08       0x10 Output/Release/Obj/timer_pca10040/system_nrf52.o
                0x0000000000002c08                nvmc_wait
 .text.SystemInit
                0x0000000000002c18      0x298 Output/Release/Obj/timer_pca10040/system_nrf52.o
                0x0000000000002c18                SystemInit
 .text._GetAvailWriteSpace
                0x0000000000002eb0       0x12 Output/Release/Obj/timer_pca10040/SEGGER_RTT.o
 .text._WriteNoCheck
                0x0000000000002ec2       0x38 Output/Release/Obj/timer_pca10040/SEGGER_RTT.o
 .text._WriteBlocking
                0x0000000000002efa       0x52 Output/Release/Obj/timer_pca10040/SEGGER_RTT.o
 .text._DoInit  0x0000000000002f4c       0x60 Output/Release/Obj/timer_pca10040/SEGGER_RTT.o
 .text.SEGGER_RTT_WriteNoLock
                0x0000000000002fac       0x60 Output/Release/Obj/timer_pca10040/SEGGER_RTT.o
                0x0000000000002fac                SEGGER_RTT_WriteNoLock
 .text.SEGGER_RTT_Write
                0x000000000000300c       0x34 Output/Release/Obj/timer_pca10040/SEGGER_RTT.o
                0x000000000000300c                SEGGER_RTT_Write
 .text.SEGGER_RTT_Init
                0x0000000000003040        0x4 Output/Release/Obj/timer_pca10040/SEGGER_RTT.o
                0x0000000000003040                SEGGER_RTT_Init
 .text.printf   0x0000000000003044       0x3a Output/Release/Obj/timer_pca10040/SEGGER_RTT_Syscalls_SES.o
                0x0000000000003044                printf
 *fill*         0x000000000000307e        0x2 
 .text.calc_temperature
                0x0000000000003080       0x80 Output/Release/Obj/timer_pca10040/bme68x.o
 .text.calc_pressure
                0x0000000000003100      0x194 Output/Release/Obj/timer_pca10040/bme68x.o
 .text.calc_humidity
                0x0000000000003294       0xdc Output/Release/Obj/timer_pca10040/bme68x.o
 .text.calc_res_heat
                0x0000000000003370       0xe0 Output/Release/Obj/timer_pca10040/bme68x.o
 .text.null_ptr_check
                0x0000000000003450       0x1c Output/Release/Obj/timer_pca10040/bme68x.o
 .text.boundary_check
                0x000000000000346c       0x28 Output/Release/Obj/timer_pca10040/bme68x.o
 .text.set_mem_page
                0x0000000000003494       0x68 Output/Release/Obj/timer_pca10040/bme68x.o
 .text.get_mem_page
                0x00000000000034fc       0x32 Output/Release/Obj/timer_pca10040/bme68x.o
 *fill*         0x000000000000352e        0x2 
 .text.calc_gas_resistance_low.isra.0
                0x0000000000003530       0xcc Output/Release/Obj/timer_pca10040/bme68x.o
 .text.bme68x_set_regs
                0x00000000000035fc       0x96 Output/Release/Obj/timer_pca10040/bme68x.o
                0x00000000000035fc                bme68x_set_regs
 .text.bme68x_get_regs
                0x0000000000003692       0x52 Output/Release/Obj/timer_pca10040/bme68x.o
                0x0000000000003692                bme68x_get_regs
 .text.bme68x_soft_reset
                0x00000000000036e4       0x60 Output/Release/Obj/timer_pca10040/bme68x.o
                0x00000000000036e4                bme68x_soft_reset
 .text.bme68x_init
                0x0000000000003744      0x154 Output/Release/Obj/timer_pca10040/bme68x.o
                0x0000000000003744                bme68x_init
 .text.bme68x_set_op_mode
                0x0000000000003898       0x7a Output/Release/Obj/timer_pca10040/bme68x.o
                0x0000000000003898                bme68x_set_op_mode
 .text.bme68x_get_op_mode
                0x0000000000003912       0x28 Output/Release/Obj/timer_pca10040/bme68x.o
                0x0000000000003912                bme68x_get_op_mode
 *fill*         0x000000000000393a        0x2 
 .text.bme68x_set_conf
                0x000000000000393c      0x13c Output/Release/Obj/timer_pca10040/bme68x.o
                0x000000000000393c                bme68x_set_conf
 .text.bme68x_get_meas_dur
                0x0000000000003a78       0x84 Output/Release/Obj/timer_pca10040/bme68x.o
                0x0000000000003a78                bme68x_get_meas_dur
 .text.bme68x_get_data
                0x0000000000003afc      0x448 Output/Release/Obj/timer_pca10040/bme68x.o
                0x0000000000003afc                bme68x_get_data
 .text.bme68x_set_heatr_conf
                0x0000000000003f44      0x264 Output/Release/Obj/timer_pca10040/bme68x.o
                0x0000000000003f44                bme68x_set_heatr_conf
 .text.bme68x_i2c_read
                0x00000000000041a8       0x44 Output/Release/Obj/timer_pca10040/common.o
                0x00000000000041a8                bme68x_i2c_read
 .text.bme68x_i2c_write
                0x00000000000041ec       0x50 Output/Release/Obj/timer_pca10040/common.o
                0x00000000000041ec                bme68x_i2c_write
 .text.bme68x_delay_us
                0x000000000000423c       0x14 Output/Release/Obj/timer_pca10040/common.o
                0x000000000000423c                bme68x_delay_us
 .text.bme68x_interface_init
                0x0000000000004250       0x58 Output/Release/Obj/timer_pca10040/common.o
                0x0000000000004250                bme68x_interface_init
 .text.bme68x_check_rslt
                0x00000000000042a8       0x80 Output/Release/Obj/timer_pca10040/common.o
                0x00000000000042a8                bme68x_check_rslt
 .text.__aeabi_f2d
                0x0000000000004328       0x34 C:/Program Files/SEGGER/SEGGER Embedded Studio for ARM 5.70a/lib/libm_v7em_fpv4_sp_d16_hard_t_le_eabi.a(libm_asm.o)
                0x0000000000004328                __aeabi_f2d
 .text.libc.__RAL_ascii_isctype
                0x000000000000435c       0x1c C:/Program Files/SEGGER/SEGGER Embedded Studio for ARM 5.70a/lib/libc_v7em_fpv4_sp_d16_hard_t_le_eabi.a(libc2.o)
 .text.libc.__RAL_ascii_toupper
                0x0000000000004378        0xc C:/Program Files/SEGGER/SEGGER Embedded Studio for ARM 5.70a/lib/libc_v7em_fpv4_sp_d16_hard_t_le_eabi.a(libc2.o)
 .text.libc.__RAL_ascii_tolower
                0x0000000000004384        0xc C:/Program Files/SEGGER/SEGGER Embedded Studio for ARM 5.70a/lib/libc_v7em_fpv4_sp_d16_hard_t_le_eabi.a(libc2.o)
 .text.libc.__RAL_ascii_wctomb
                0x0000000000004390       0x10 C:/Program Files/SEGGER/SEGGER Embedded Studio for ARM 5.70a/lib/libc_v7em_fpv4_sp_d16_hard_t_le_eabi.a(libc2.o)
                0x0000000000004390                __RAL_ascii_wctomb
 .text.libc.__RAL_ascii_mbtowc
                0x00000000000043a0       0x24 C:/Program Files/SEGGER/SEGGER Embedded Studio for ARM 5.70a/lib/libc_v7em_fpv4_sp_d16_hard_t_le_eabi.a(libc2.o)
                0x00000000000043a0                __RAL_ascii_mbtowc
 .text.libc.__RAL_ascii_towupper
                0x00000000000043c4        0xc C:/Program Files/SEGGER/SEGGER Embedded Studio for ARM 5.70a/lib/libc_v7em_fpv4_sp_d16_hard_t_le_eabi.a(libc2.o)
 .text.libc.__RAL_ascii_towlower
                0x00000000000043d0        0xc C:/Program Files/SEGGER/SEGGER Embedded Studio for ARM 5.70a/lib/libc_v7em_fpv4_sp_d16_hard_t_le_eabi.a(libc2.o)
 .text.libc.__RAL_ascii_iswctype
                0x00000000000043dc       0x1c C:/Program Files/SEGGER/SEGGER Embedded Studio for ARM 5.70a/lib/libc_v7em_fpv4_sp_d16_hard_t_le_eabi.a(libc2.o)
 .text.libc.__putc
                0x00000000000043f8       0x34 C:/Program Files/SEGGER/SEGGER Embedded Studio for ARM 5.70a/lib/libc_v7em_fpv4_sp_d16_hard_t_le_eabi.a(libc2.o)
                0x00000000000043f8                __putc
 .text.libc.__RAL_print_padding
                0x000000000000442c       0x54 C:/Program Files/SEGGER/SEGGER Embedded Studio for ARM 5.70a/lib/libc_v7em_fpv4_sp_d16_hard_t_le_eabi.a(libc2.o)
                0x000000000000442c                __RAL_print_padding
 .text.libc.__RAL_pre_padding
                0x0000000000004480       0x64 C:/Program Files/SEGGER/SEGGER Embedded Studio for ARM 5.70a/lib/libc_v7em_fpv4_sp_d16_hard_t_le_eabi.a(libc2.o)
                0x0000000000004480                __RAL_pre_padding
 .text.libc.isprint
                0x00000000000044e4       0x10 C:/Program Files/SEGGER/SEGGER Embedded Studio for ARM 5.70a/lib/libc_v7em_fpv4_sp_d16_hard_t_le_eabi.a(libc2.o)
                0x00000000000044e4                isprint
 .text.libc.strnlen
                0x00000000000044f4       0x28 C:/Program Files/SEGGER/SEGGER Embedded Studio for ARM 5.70a/lib/libc_v7em_fpv4_sp_d16_hard_t_le_eabi.a(libc2.o)
                0x00000000000044f4                strnlen
 .text.libc.vsnprintf
                0x000000000000451c       0x20 C:/Program Files/SEGGER/SEGGER Embedded Studio for ARM 5.70a/lib/libc_v7em_fpv4_sp_d16_hard_t_le_eabi.a(libc2.o)
                0x000000000000451c                vsnprintf
 .text.libc.memcpy
                0x000000000000453c       0x52 C:/Program Files/SEGGER/SEGGER Embedded Studio for ARM 5.70a/lib/libc_v7em_fpv4_sp_d16_hard_t_le_eabi.a(libc2_asm.o)
                0x000000000000453c                __aeabi_memcpy
                0x000000000000453c                memcpy
                0x0000000000004548                __aeabi_memcpy8
                0x0000000000004548                __aeabi_memcpy4
 .text.libc.memset
                0x000000000000458e       0x66 C:/Program Files/SEGGER/SEGGER Embedded Studio for ARM 5.70a/lib/libc_v7em_fpv4_sp_d16_hard_t_le_eabi.a(libc2_asm.o)
                0x000000000000458e                memset
 .text.libc.strcpy
                0x00000000000045f4       0x44 C:/Program Files/SEGGER/SEGGER Embedded Studio for ARM 5.70a/lib/libc_v7em_fpv4_sp_d16_hard_t_le_eabi.a(libc2_asm.o)
                0x00000000000045f4                strcpy
 .text.libc.strlen
                0x0000000000004638       0x60 C:/Program Files/SEGGER/SEGGER Embedded Studio for ARM 5.70a/lib/libc_v7em_fpv4_sp_d16_hard_t_le_eabi.a(libc2_asm.o)
                0x0000000000004638                strlen
 .text.libc.__vfprintf_long
                0x0000000000004698      0x5fc C:/Program Files/SEGGER/SEGGER Embedded Studio for ARM 5.70a/lib/libc_v7em_fpv4_sp_d16_hard_t_le_eabi.a(libvfprintf.o)
                0x0000000000004698                __vfprintf_long
                0x0000000000004c94                . = ALIGN (MAX ((__text_start__ + 0x4), .), 0x4)
                0x0000000000004c94                __text_end__ = (__text_start__ + SIZEOF (.text))
                0x00000000000048c4                __text_size__ = SIZEOF (.text)
                0x0000000000004c94                __text_load_end__ = __text_end__

.vfp11_veneer   0x0000000100000000        0x0
 .vfp11_veneer  0x0000000100000000        0x0 linker stubs

.v4_bx          0x0000000100000000        0x0
 .v4_bx         0x0000000100000000        0x0 linker stubs

.iplt           0x0000000100000000        0x0
 .iplt          0x0000000100000000        0x0 Output/Release/Obj/timer_pca10040/thumb_crt0.o
                0x0000000000000001                . = ASSERT (((__text_start__ == __text_end__) || ((__text_end__ - __FLASH1_segment_start__) <= __FLASH1_segment_size__)), error: .text is too large to fit in FLASH1 memory segment)
                0x0000000000004c94                __log_const_data_load_start__ = ALIGN (__text_end__, 0x4)

.log_const_data
                0x0000000000004c94       0x38
                0x0000000000004c94                __log_const_data_start__ = .
                0x0000000000004c94                __start_log_const_data = __log_const_data_start__
 *(SORT_BY_NAME(.log_const_data*))
 .log_const_data_PRS
                0x0000000000004c94        0x8 Output/Release/Obj/timer_pca10040/nrfx_prs.o
                0x0000000000004c94                m_nrf_log_PRS_logs_data_const
 .log_const_data_SAADC
                0x0000000000004c9c        0x8 Output/Release/Obj/timer_pca10040/nrfx_saadc.o
                0x0000000000004c9c                m_nrf_log_SAADC_logs_data_const
 .log_const_data_TIMER
                0x0000000000004ca4        0x8 Output/Release/Obj/timer_pca10040/nrfx_timer.o
                0x0000000000004ca4                m_nrf_log_TIMER_logs_data_const
 .log_const_data_TWIM
                0x0000000000004cac        0x8 Output/Release/Obj/timer_pca10040/nrfx_twim.o
                0x0000000000004cac                m_nrf_log_TWIM_logs_data_const
 .log_const_data_UART
                0x0000000000004cb4        0x8 Output/Release/Obj/timer_pca10040/nrfx_uart.o
                0x0000000000004cb4                m_nrf_log_UART_logs_data_const
 .log_const_data_UARTE
                0x0000000000004cbc        0x8 Output/Release/Obj/timer_pca10040/nrfx_uarte.o
                0x0000000000004cbc                m_nrf_log_UARTE_logs_data_const
 .log_const_data_app
                0x0000000000004cc4        0x8 Output/Release/Obj/timer_pca10040/nrf_log_frontend.o
                0x0000000000004cc4                m_nrf_log_app_logs_data_const
                0x0000000000004ccc                __log_const_data_end__ = (__log_const_data_start__ + SIZEOF (.log_const_data))
                0x0000000000000038                __log_const_data_size__ = SIZEOF (.log_const_data)
                0x0000000000004ccc                __stop_log_const_data = __log_const_data_end__
                0x0000000000004ccc                __log_const_data_load_end__ = __log_const_data_end__
                0x0000000000000001                . = ASSERT (((__log_const_data_start__ == __log_const_data_end__) || ((__log_const_data_end__ - __FLASH1_segment_start__) <= __FLASH1_segment_size__)), error: .log_const_data is too large to fit in FLASH1 memory segment)
                0x0000000000004ccc                __log_backends_load_start__ = ALIGN (__log_const_data_end__, 0x4)

.log_backends   0x0000000000004ccc       0x20
                0x0000000000004ccc                __log_backends_start__ = .
                0x0000000000004ccc                __start_log_backends = __log_backends_start__
 *(SORT_BY_NAME(.log_backends*))
 .log_backends  0x0000000000004ccc       0x20 Output/Release/Obj/timer_pca10040/nrf_log_default_backends.o
                0x0000000000004cec                __log_backends_end__ = (__log_backends_start__ + SIZEOF (.log_backends))
                0x0000000000000020                __log_backends_size__ = SIZEOF (.log_backends)
                0x0000000000004cec                __stop_log_backends = __log_backends_end__
                0x0000000000004cec                __log_backends_load_end__ = __log_backends_end__
                0x0000000000000001                . = ASSERT (((__log_backends_start__ == __log_backends_end__) || ((__log_backends_end__ - __FLASH1_segment_start__) <= __FLASH1_segment_size__)), error: .log_backends is too large to fit in FLASH1 memory segment)
                0x0000000000004cec                __nrf_balloc_load_start__ = ALIGN (__log_backends_end__, 0x4)

.nrf_balloc     0x0000000000004cec       0x14
                0x0000000000004cec                __nrf_balloc_start__ = .
                0x0000000000004cec                __start_nrf_balloc = __nrf_balloc_start__
 *(.nrf_balloc*)
 .nrf_balloc    0x0000000000004cec       0x14 Output/Release/Obj/timer_pca10040/nrf_log_frontend.o
                0x0000000000004cec                log_mempool
                0x0000000000004d00                __nrf_balloc_end__ = (__nrf_balloc_start__ + SIZEOF (.nrf_balloc))
                0x0000000000000014                __nrf_balloc_size__ = SIZEOF (.nrf_balloc)
                0x0000000000004d00                __stop_nrf_balloc = __nrf_balloc_end__
                0x0000000000004d00                __nrf_balloc_load_end__ = __nrf_balloc_end__
                0x0000000000000001                . = ASSERT (((__nrf_balloc_start__ == __nrf_balloc_end__) || ((__nrf_balloc_end__ - __FLASH1_segment_start__) <= __FLASH1_segment_size__)), error: .nrf_balloc is too large to fit in FLASH1 memory segment)
                0x0000000000004d00                __nrf_sections_load_start__ = ALIGN (__nrf_balloc_end__, 0x4)

.nrf_sections   0x0000000000004d00        0x0
                0x0000000000004d00                __nrf_sections_start__ = .
                0x0000000000004d00                __start_nrf_sections = __nrf_sections_start__
 *(.nrf_sections .nrf_sections.*)
                0x0000000000004d00                __nrf_sections_end__ = (__nrf_sections_start__ + SIZEOF (.nrf_sections))
                0x0000000000000000                __nrf_sections_size__ = SIZEOF (.nrf_sections)
                0x0000000000004d00                __nrf_sections_load_end__ = __nrf_sections_end__
                0x0000000000000001                . = ASSERT (((__nrf_sections_start__ == __nrf_sections_end__) || ((__nrf_sections_end__ - __FLASH1_segment_start__) <= __FLASH1_segment_size__)), error: .nrf_sections is too large to fit in FLASH1 memory segment)
                0x0000000000004d00                __log_dynamic_data_load_start__ = ALIGN (__nrf_sections_end__, 0x4)

.log_dynamic_data
                0x0000000020000000        0x0 load address 0x0000000000004d00
                0x0000000020000000                __log_dynamic_data_start__ = .
 *(SORT_BY_NAME(.log_dynamic_data*))
                0x0000000020000000                __log_dynamic_data_end__ = (__log_dynamic_data_start__ + SIZEOF (.log_dynamic_data))
                0x0000000000000000                __log_dynamic_data_size__ = SIZEOF (.log_dynamic_data)
                0x0000000000004d00                __log_dynamic_data_load_end__ = (__log_dynamic_data_load_start__ + SIZEOF (.log_dynamic_data))
                0x0000000000000001                . = ASSERT (((__log_dynamic_data_load_start__ == __log_dynamic_data_load_end__) || ((__log_dynamic_data_load_end__ - __FLASH1_segment_start__) <= __FLASH1_segment_size__)), error: .log_dynamic_data is too large to fit in FLASH1 memory segment)

.log_dynamic_data_run
                0x0000000020000000        0x0
                0x0000000020000000                __log_dynamic_data_run_start__ = .
                0x0000000020000000                __start_log_dynamic_data = __log_dynamic_data_run_start__
                0x0000000020000000                __log_dynamic_data_run_end__ = (__log_dynamic_data_run_start__ + SIZEOF (.log_dynamic_data))
                0x0000000000000000                __log_dynamic_data_run_size__ = (__log_dynamic_data_run_end__ - __log_dynamic_data_run_start__)
                0x0000000020000000                __stop_log_dynamic_data = __log_dynamic_data_run_end__
                0x0000000020000000                __log_dynamic_data_run_load_end__ = __log_dynamic_data_run_end__
                0x0000000000000001                . = ASSERT (((__log_dynamic_data_run_start__ == __log_dynamic_data_run_end__) || ((__log_dynamic_data_run_end__ - __RAM1_segment_start__) <= __RAM1_segment_size__)), error: .log_dynamic_data_run is too large to fit in RAM1 memory segment)
                0x0000000000004d00                __log_filter_data_load_start__ = ALIGN ((__log_dynamic_data_load_start__ + SIZEOF (.log_dynamic_data)), 0x4)

.log_filter_data
                0x0000000020000000        0x0 load address 0x0000000000004d00
                0x0000000020000000                __log_filter_data_start__ = .
 *(SORT_BY_NAME(.log_filter_data*))
                0x0000000020000000                __log_filter_data_end__ = (__log_filter_data_start__ + SIZEOF (.log_filter_data))
                0x0000000000000000                __log_filter_data_size__ = SIZEOF (.log_filter_data)
                0x0000000000004d00                __log_filter_data_load_end__ = (__log_filter_data_load_start__ + SIZEOF (.log_filter_data))
                0x0000000000000001                . = ASSERT (((__log_filter_data_load_start__ == __log_filter_data_load_end__) || ((__log_filter_data_load_end__ - __FLASH1_segment_start__) <= __FLASH1_segment_size__)), error: .log_filter_data is too large to fit in FLASH1 memory segment)

.log_filter_data_run
                0x0000000020000000        0x0
                0x0000000020000000                __log_filter_data_run_start__ = .
                0x0000000020000000                __start_log_filter_data = __log_filter_data_run_start__
                0x0000000020000000                __log_filter_data_run_end__ = (__log_filter_data_run_start__ + SIZEOF (.log_filter_data))
                0x0000000000000000                __log_filter_data_run_size__ = (__log_filter_data_run_end__ - __log_filter_data_run_start__)
                0x0000000020000000                __stop_log_filter_data = __log_filter_data_run_end__
                0x0000000020000000                __log_filter_data_run_load_end__ = __log_filter_data_run_end__
                0x0000000000000001                . = ASSERT (((__log_filter_data_run_start__ == __log_filter_data_run_end__) || ((__log_filter_data_run_end__ - __RAM1_segment_start__) <= __RAM1_segment_size__)), error: .log_filter_data_run is too large to fit in RAM1 memory segment)
                0x0000000020000000                __nrf_sections_run_end_load_start__ = ALIGN (__log_filter_data_run_end__, 0x4)

.nrf_sections_run_end
                0x0000000020000000        0x0
                0x0000000020000000                __nrf_sections_run_end_start__ = .
                0x0000000020000000                __end_nrf_sections_run = __nrf_sections_run_end_start__
 *(.nrf_sections_run_end .nrf_sections_run_end.*)
                0x0000000020000000                __nrf_sections_run_end_end__ = (__nrf_sections_run_end_start__ + SIZEOF (.nrf_sections_run_end))
                0x0000000000000000                __nrf_sections_run_end_size__ = SIZEOF (.nrf_sections_run_end)
                0x0000000020000000                __nrf_sections_run_end_load_end__ = __nrf_sections_run_end_end__
                0x0000000000000001                . = ASSERT (((__nrf_sections_run_end_start__ == __nrf_sections_run_end_end__) || ((__nrf_sections_run_end_end__ - __RAM1_segment_start__) <= __RAM1_segment_size__)), error: .nrf_sections_run_end is too large to fit in RAM1 memory segment)
                0x0000000000004d00                __dtors_load_start__ = ALIGN ((__log_filter_data_load_start__ + SIZEOF (.log_filter_data)), 0x4)

.dtors          0x0000000000004d00        0x0
                0x0000000000004d00                __dtors_start__ = .
 *(SORT_BY_NAME(.dtors.*))
 *(.dtors)
 *(.fini_array)
 *(SORT_BY_NAME(.fini_array.*))
                0x0000000000004d00                __dtors_end__ = (__dtors_start__ + SIZEOF (.dtors))
                0x0000000000000000                __dtors_size__ = SIZEOF (.dtors)
                0x0000000000004d00                __dtors_load_end__ = __dtors_end__
                0x0000000000000001                . = ASSERT (((__dtors_start__ == __dtors_end__) || ((__dtors_end__ - __FLASH1_segment_start__) <= __FLASH1_segment_size__)), error: .dtors is too large to fit in FLASH1 memory segment)
                0x0000000000004d00                __ctors_load_start__ = ALIGN (__dtors_end__, 0x4)

.ctors          0x0000000000004d00        0x0
                0x0000000000004d00                __ctors_start__ = .
 *(SORT_BY_NAME(.ctors.*))
 *(.ctors)
 *(.init_array)
 *(SORT_BY_NAME(.init_array.*))
                0x0000000000004d00                __ctors_end__ = (__ctors_start__ + SIZEOF (.ctors))
                0x0000000000000000                __ctors_size__ = SIZEOF (.ctors)
                0x0000000000004d00                __ctors_load_end__ = __ctors_end__
                0x0000000000000001                . = ASSERT (((__ctors_start__ == __ctors_end__) || ((__ctors_end__ - __FLASH1_segment_start__) <= __FLASH1_segment_size__)), error: .ctors is too large to fit in FLASH1 memory segment)
                0x0000000000004d00                __rodata_load_start__ = ALIGN (__ctors_end__, 0x4)

.rodata         0x0000000000004d00      0x7c0
                0x0000000000004d00                __rodata_start__ = .
 *(.rodata .rodata.* .gnu.linkonce.r.*)
 .rodata.nrf_log_frontend_dequeue.str1.1
                0x0000000000004d00       0x11 Output/Release/Obj/timer_pca10040/nrf_log_frontend.o
 .rodata.str1.1
                0x0000000000004d11        0x4 Output/Release/Obj/timer_pca10040/nrf_log_frontend.o
 *fill*         0x0000000000004d15        0x3 
 .rodata.m_log_push_ringbuf
                0x0000000000004d18        0xc Output/Release/Obj/timer_pca10040/nrf_log_frontend.o
 .rodata.prefix_process.str1.1
                0x0000000000004d24       0x32 Output/Release/Obj/timer_pca10040/nrf_log_str_formatter.o
 .rodata.postfix_process.str1.1
                0x0000000000004d56       0x32 Output/Release/Obj/timer_pca10040/nrf_log_str_formatter.o
                                          0x3 (size before relaxing)
 .rodata.nrf_log_hexdump_entry_process.str1.1
                0x0000000000004d56        0xf Output/Release/Obj/timer_pca10040/nrf_log_str_formatter.o
                                         0x11 (size before relaxing)
 .rodata.str1.1
                0x0000000000004d65       0x4b Output/Release/Obj/timer_pca10040/nrf_log_str_formatter.o
                                         0x51 (size before relaxing)
 .rodata.m_colors
                0x0000000000004db0       0x24 Output/Release/Obj/timer_pca10040/nrf_log_str_formatter.o
 .rodata.severity_names
                0x0000000000004dd4       0x14 Output/Release/Obj/timer_pca10040/nrf_log_str_formatter.o
 .rodata.str1.1
                0x0000000000004de8       0x21 Output/Release/Obj/timer_pca10040/nrf_log_default_backends.o
 *fill*         0x0000000000004e09        0x7 
 .rodata.delay_machine_code.0
                0x0000000000004e10        0x6 Output/Release/Obj/timer_pca10040/nrf_log_backend_rtt.o
 *fill*         0x0000000000004e16        0x2 
 .rodata.nrf_log_backend_rtt_api
                0x0000000000004e18        0xc Output/Release/Obj/timer_pca10040/nrf_log_backend_rtt.o
                0x0000000000004e18                nrf_log_backend_rtt_api
 .rodata        0x0000000000004e24       0x20 Output/Release/Obj/timer_pca10040/nrf_log_backend_uart.o
 .rodata.nrf_log_backend_uart_api
                0x0000000000004e44        0xc Output/Release/Obj/timer_pca10040/nrf_log_backend_uart.o
                0x0000000000004e44                nrf_log_backend_uart_api
 .rodata.app_error_fault_handler.str1.1
                0x0000000000004e50       0x19 Output/Release/Obj/timer_pca10040/app_error_weak.o
 .rodata._aV2C.0
                0x0000000000004e69       0x10 Output/Release/Obj/timer_pca10040/nrf_fprintf_format.o
 .rodata.str1.1
                0x0000000000004e79        0x6 Output/Release/Obj/timer_pca10040/nrfx_timer.o
 .rodata.str1.1
                0x0000000000004e7f        0x6 Output/Release/Obj/timer_pca10040/nrfx_saadc.o
 .rodata.str1.1
                0x0000000000004e85        0x5 Output/Release/Obj/timer_pca10040/nrfx_twim.o
 *fill*         0x0000000000004e8a        0x2 
 .rodata.irq_handlers.0
                0x0000000000004e8c        0x8 Output/Release/Obj/timer_pca10040/nrfx_twim.o
 *fill*         0x0000000000004e94        0xc 
 .rodata.delay_machine_code.0
                0x0000000000004ea0        0x6 Output/Release/Obj/timer_pca10040/nrf_drv_twi.o
 .rodata.str1.1
                0x0000000000004ea6        0x4 Output/Release/Obj/timer_pca10040/nrfx_prs.o
 .rodata.str1.1
                0x0000000000004eaa        0x5 Output/Release/Obj/timer_pca10040/nrfx_uart.o
 .rodata.str1.1
                0x0000000000004eaf        0x6 Output/Release/Obj/timer_pca10040/nrfx_uarte.o
 .rodata.main.str1.1
                0x0000000000004eb5      0x11a Output/Release/Obj/timer_pca10040/main.o
 *fill*         0x0000000000004fcf        0x1 
 .rodata        0x0000000000004fd0       0x1c Output/Release/Obj/timer_pca10040/main.o
 .rodata.TIMER_LED
                0x0000000000004fec        0x8 Output/Release/Obj/timer_pca10040/main.o
                0x0000000000004fec                TIMER_LED
 .rodata.m_twi  0x0000000000004ff4       0x10 Output/Release/Obj/timer_pca10040/main.o
 .rodata.CSWTCH.15
                0x0000000000005004        0x5 Output/Release/Obj/timer_pca10040/system_nrf52.o
 .rodata.CSWTCH.19
                0x0000000000005009        0x5 Output/Release/Obj/timer_pca10040/system_nrf52.o
 .rodata.CSWTCH.21
                0x000000000000500e        0x5 Output/Release/Obj/timer_pca10040/system_nrf52.o
 .rodata.CSWTCH.5
                0x0000000000005013        0x5 Output/Release/Obj/timer_pca10040/system_nrf52.o
 .rodata._DoInit.str1.1
                0x0000000000005018       0x14 Output/Release/Obj/timer_pca10040/SEGGER_RTT.o
 .rodata.bme68x_set_conf.str1.1
                0x000000000000502c        0x6 Output/Release/Obj/timer_pca10040/bme68x.o
 *fill*         0x0000000000005032        0x2 
 .rodata        0x0000000000005034       0x90 Output/Release/Obj/timer_pca10040/bme68x.o
 .rodata.bme68x_check_rslt.str1.1
                0x00000000000050c4      0x171 Output/Release/Obj/timer_pca10040/common.o
 *fill*         0x0000000000005235        0xb 
 .rodata.delay_machine_code.0
                0x0000000000005240        0x6 Output/Release/Obj/timer_pca10040/common.o
 *fill*         0x0000000000005246        0x2 
 .rodata.i2c_instance
                0x0000000000005248       0x10 Output/Release/Obj/timer_pca10040/common.o
 .rodata.libc.__RAL_find_locale.str1.4
                0x0000000000005258        0xa C:/Program Files/SEGGER/SEGGER Embedded Studio for ARM 5.70a/lib/libc_v7em_fpv4_sp_d16_hard_t_le_eabi.a(libc2.o)
 *fill*         0x0000000000005262        0x2 
 .rodata.libc.__RAL_ascii_ctype_map
                0x0000000000005264       0x80 C:/Program Files/SEGGER/SEGGER Embedded Studio for ARM 5.70a/lib/libc_v7em_fpv4_sp_d16_hard_t_le_eabi.a(libc2.o)
                0x0000000000005264                __RAL_ascii_ctype_map
 .rodata.libc.__RAL_ascii_ctype_mask
                0x00000000000052e4        0xd C:/Program Files/SEGGER/SEGGER Embedded Studio for ARM 5.70a/lib/libc_v7em_fpv4_sp_d16_hard_t_le_eabi.a(libc2.o)
 *fill*         0x00000000000052f1        0x3 
 .rodata.libc.__RAL_c_locale
                0x00000000000052f4        0xc C:/Program Files/SEGGER/SEGGER Embedded Studio for ARM 5.70a/lib/libc_v7em_fpv4_sp_d16_hard_t_le_eabi.a(libc2.o)
                0x00000000000052f4                __RAL_c_locale
 .rodata.libc.__RAL_c_locale_abbrev_day_names
                0x0000000000005300       0x1d C:/Program Files/SEGGER/SEGGER Embedded Studio for ARM 5.70a/lib/libc_v7em_fpv4_sp_d16_hard_t_le_eabi.a(libc2.o)
                0x0000000000005300                __RAL_c_locale_abbrev_day_names
 *fill*         0x000000000000531d        0x3 
 .rodata.libc.__RAL_c_locale_abbrev_month_names
                0x0000000000005320       0x31 C:/Program Files/SEGGER/SEGGER Embedded Studio for ARM 5.70a/lib/libc_v7em_fpv4_sp_d16_hard_t_le_eabi.a(libc2.o)
                0x0000000000005320                __RAL_c_locale_abbrev_month_names
 *fill*         0x0000000000005351        0x3 
 .rodata.libc.__RAL_c_locale_am_pm_indicator
                0x0000000000005354        0x7 C:/Program Files/SEGGER/SEGGER Embedded Studio for ARM 5.70a/lib/libc_v7em_fpv4_sp_d16_hard_t_le_eabi.a(libc2.o)
                0x0000000000005354                __RAL_c_locale_am_pm_indicator
 *fill*         0x000000000000535b        0x1 
 .rodata.libc.__RAL_c_locale_data
                0x000000000000535c       0x58 C:/Program Files/SEGGER/SEGGER Embedded Studio for ARM 5.70a/lib/libc_v7em_fpv4_sp_d16_hard_t_le_eabi.a(libc2.o)
                0x000000000000535c                __RAL_c_locale_data
 .rodata.libc.__RAL_c_locale_date_format
                0x00000000000053b4        0x9 C:/Program Files/SEGGER/SEGGER Embedded Studio for ARM 5.70a/lib/libc_v7em_fpv4_sp_d16_hard_t_le_eabi.a(libc2.o)
                0x00000000000053b4                __RAL_c_locale_date_format
 *fill*         0x00000000000053bd        0x3 
 .rodata.libc.__RAL_c_locale_date_time_format
                0x00000000000053c0        0xf C:/Program Files/SEGGER/SEGGER Embedded Studio for ARM 5.70a/lib/libc_v7em_fpv4_sp_d16_hard_t_le_eabi.a(libc2.o)
                0x00000000000053c0                __RAL_c_locale_date_time_format
 *fill*         0x00000000000053cf        0x1 
 .rodata.libc.__RAL_c_locale_day_names
                0x00000000000053d0       0x3a C:/Program Files/SEGGER/SEGGER Embedded Studio for ARM 5.70a/lib/libc_v7em_fpv4_sp_d16_hard_t_le_eabi.a(libc2.o)
                0x00000000000053d0                __RAL_c_locale_day_names
 *fill*         0x000000000000540a        0x2 
 .rodata.libc.__RAL_c_locale_month_names
                0x000000000000540c       0x57 C:/Program Files/SEGGER/SEGGER Embedded Studio for ARM 5.70a/lib/libc_v7em_fpv4_sp_d16_hard_t_le_eabi.a(libc2.o)
                0x000000000000540c                __RAL_c_locale_month_names
 *fill*         0x0000000000005463        0x1 
 .rodata.libc.__RAL_c_locale_time_format
                0x0000000000005464        0x9 C:/Program Files/SEGGER/SEGGER Embedded Studio for ARM 5.70a/lib/libc_v7em_fpv4_sp_d16_hard_t_le_eabi.a(libc2.o)
                0x0000000000005464                __RAL_c_locale_time_format
 *fill*         0x000000000000546d        0x3 
 .rodata.libc.__RAL_codeset_ascii
                0x0000000000005470       0x20 C:/Program Files/SEGGER/SEGGER Embedded Studio for ARM 5.70a/lib/libc_v7em_fpv4_sp_d16_hard_t_le_eabi.a(libc2.o)
                0x0000000000005470                __RAL_codeset_ascii
 .rodata.libc.__RAL_data_empty_string
                0x0000000000005490        0x1 C:/Program Files/SEGGER/SEGGER Embedded Studio for ARM 5.70a/lib/libc_v7em_fpv4_sp_d16_hard_t_le_eabi.a(libc2.o)
                0x0000000000005490                __RAL_data_empty_string
 *fill*         0x0000000000005491        0x3 
 .rodata.libc.__RAL_data_utf8_period
                0x0000000000005494        0x2 C:/Program Files/SEGGER/SEGGER Embedded Studio for ARM 5.70a/lib/libc_v7em_fpv4_sp_d16_hard_t_le_eabi.a(libc2.o)
                0x0000000000005494                __RAL_data_utf8_period
 *fill*         0x0000000000005496        0x2 
 .rodata.libc.__RAL_hex_lc
                0x0000000000005498       0x10 C:/Program Files/SEGGER/SEGGER Embedded Studio for ARM 5.70a/lib/libc_v7em_fpv4_sp_d16_hard_t_le_eabi.a(libc2.o)
                0x0000000000005498                __RAL_hex_lc
 .rodata.libc.__RAL_hex_uc
                0x00000000000054a8       0x10 C:/Program Files/SEGGER/SEGGER Embedded Studio for ARM 5.70a/lib/libc_v7em_fpv4_sp_d16_hard_t_le_eabi.a(libc2.o)
                0x00000000000054a8                __RAL_hex_uc
 .rodata.libc.__vfprintf_int.str1.4
                0x00000000000054b8        0x7 C:/Program Files/SEGGER/SEGGER Embedded Studio for ARM 5.70a/lib/libc_v7em_fpv4_sp_d16_hard_t_le_eabi.a(libvfprintf.o)
                0x00000000000054c0                . = ALIGN (MAX ((__rodata_start__ + 0x4), .), 0x4)
 *fill*         0x00000000000054bf        0x1 
                0x00000000000054c0                __rodata_end__ = (__rodata_start__ + SIZEOF (.rodata))
                0x00000000000007c0                __rodata_size__ = SIZEOF (.rodata)
                0x00000000000054c0                __rodata_load_end__ = __rodata_end__

.rel.dyn        0x00000000000054c0        0x0
 .rel.iplt      0x00000000000054c0        0x0 Output/Release/Obj/timer_pca10040/thumb_crt0.o
                0x0000000000000001                . = ASSERT (((__rodata_start__ == __rodata_end__) || ((__rodata_end__ - __FLASH1_segment_start__) <= __FLASH1_segment_size__)), error: .rodata is too large to fit in FLASH1 memory segment)
                0x00000000000054c0                __ARM.exidx_load_start__ = ALIGN (__rodata_end__, 0x4)

.ARM.exidx      0x00000000000054c0        0x0
                0x00000000000054c0                __ARM.exidx_start__ = .
                0x00000000000054c0                __exidx_start = __ARM.exidx_start__
 *(.ARM.exidx .ARM.exidx.*)
                0x00000000000054c0                __ARM.exidx_end__ = (__ARM.exidx_start__ + SIZEOF (.ARM.exidx))
                0x0000000000000000                __ARM.exidx_size__ = SIZEOF (.ARM.exidx)
                0x00000000000054c0                __exidx_end = __ARM.exidx_end__
                0x00000000000054c0                __ARM.exidx_load_end__ = __ARM.exidx_end__
                0x0000000000000001                . = ASSERT (((__ARM.exidx_start__ == __ARM.exidx_end__) || ((__ARM.exidx_end__ - __FLASH1_segment_start__) <= __FLASH1_segment_size__)), error: .ARM.exidx is too large to fit in FLASH1 memory segment)
                0x00000000000054c0                __fast_load_start__ = ALIGN (__ARM.exidx_end__, 0x4)

.fast           0x0000000020000000        0x0 load address 0x00000000000054c0
                0x0000000020000000                __fast_start__ = .
 *(.fast .fast.*)
                0x0000000020000000                __fast_end__ = (__fast_start__ + SIZEOF (.fast))
                0x0000000000000000                __fast_size__ = SIZEOF (.fast)
                0x00000000000054c0                __fast_load_end__ = (__fast_load_start__ + SIZEOF (.fast))
                0x0000000000000001                . = ASSERT (((__fast_load_start__ == __fast_load_end__) || ((__fast_load_end__ - __FLASH1_segment_start__) <= __FLASH1_segment_size__)), error: .fast is too large to fit in FLASH1 memory segment)

.fast_run       0x0000000020000000        0x0
                0x0000000020000000                __fast_run_start__ = .
                0x0000000020000000                __fast_run_end__ = (__fast_run_start__ + SIZEOF (.fast))
                0x0000000000000000                __fast_run_size__ = (__fast_run_end__ - __fast_run_start__)
                0x0000000020000000                __fast_run_load_end__ = __fast_run_end__
                0x0000000000000001                . = ASSERT (((__fast_run_start__ == __fast_run_end__) || ((__fast_run_end__ - __RAM1_segment_start__) <= __RAM1_segment_size__)), error: .fast_run is too large to fit in RAM1 memory segment)
                0x00000000000054c0                __data_load_start__ = ALIGN ((__fast_load_start__ + SIZEOF (.fast)), 0x4)

.data           0x0000000020000000       0x3c load address 0x00000000000054c0
                0x0000000020000000                __data_start__ = .
 *(.data .data.* .gnu.linkonce.d.*)
 .data.log_backend_cb_rtt_log_backend
                0x0000000020000000        0x8 Output/Release/Obj/timer_pca10040/nrf_log_default_backends.o
 .data.log_backend_cb_uart_log_backend
                0x0000000020000008        0x8 Output/Release/Obj/timer_pca10040/nrf_log_default_backends.o
 .data.m_uart   0x0000000020000010       0x14 Output/Release/Obj/timer_pca10040/nrf_log_backend_uart.o
                0x0000000020000010                m_uart
 .data.SystemCoreClock
                0x0000000020000024        0x4 Output/Release/Obj/timer_pca10040/system_nrf52.o
                0x0000000020000024                SystemCoreClock
 .data.libc.__RAL_global_locale
                0x0000000020000028       0x14 C:/Program Files/SEGGER/SEGGER Embedded Studio for ARM 5.70a/lib/libc_v7em_fpv4_sp_d16_hard_t_le_eabi.a(libc2.o)
                0x0000000020000028                __RAL_global_locale
                0x000000002000003c                __data_end__ = (__data_start__ + SIZEOF (.data))
                0x000000000000003c                __data_size__ = SIZEOF (.data)
                0x00000000000054fc                __data_load_end__ = (__data_load_start__ + SIZEOF (.data))

.igot.plt       0x0000000100000000        0x0
 .igot.plt      0x0000000100000000        0x0 Output/Release/Obj/timer_pca10040/thumb_crt0.o
                0x0000000000000001                . = ASSERT (((__data_load_start__ == __data_load_end__) || ((__data_load_end__ - __FLASH1_segment_start__) <= __FLASH1_segment_size__)), error: .data is too large to fit in FLASH1 memory segment)

.data_run       0x0000000020000000        0x0
                0x0000000020000000                __data_run_start__ = .
                0x000000002000003c                __data_run_end__ = (__data_run_start__ + SIZEOF (.data))
                0x000000000000003c                __data_run_size__ = (__data_run_end__ - __data_run_start__)
                0x000000002000003c                __data_run_load_end__ = __data_run_end__
                0x0000000000000001                . = ASSERT (((__data_run_start__ == __data_run_end__) || ((__data_run_end__ - __RAM1_segment_start__) <= __RAM1_segment_size__)), error: .data_run is too large to fit in RAM1 memory segment)
                0x00000000000054fc                __tdata_load_start__ = ALIGN ((__data_load_start__ + SIZEOF (.data)), 0x4)

.tdata          0x000000002000003c        0x0 load address 0x00000000000054fc
                0x000000002000003c                __tdata_start__ = .
 *(.tdata .tdata.*)
                0x000000002000003c                __tdata_end__ = (__tdata_start__ + SIZEOF (.tdata))
                0x0000000000000000                __tdata_size__ = SIZEOF (.tdata)
                0x00000000000054fc                __tdata_load_end__ = (__tdata_load_start__ + SIZEOF (.tdata))
                0x00000000000054fc                __FLASH1_segment_used_end__ = (ALIGN ((__data_load_start__ + SIZEOF (.data)), 0x4) + SIZEOF (.tdata))
                0x00000000000054fc                __FLASH1_segment_used_size__ = (__FLASH1_segment_used_end__ - __FLASH1_segment_start__)
                0x0000000000000001                . = ASSERT (((__tdata_load_start__ == __tdata_load_end__) || ((__tdata_load_end__ - __FLASH1_segment_start__) <= __FLASH1_segment_size__)), error: .tdata is too large to fit in FLASH1 memory segment)

.tdata_run      0x000000002000003c        0x0
                0x000000002000003c                __tdata_run_start__ = .
                0x000000002000003c                __tdata_run_end__ = (__tdata_run_start__ + SIZEOF (.tdata))
                0x0000000000000000                __tdata_run_size__ = (__tdata_run_end__ - __tdata_run_start__)
                0x000000002000003c                __tdata_run_load_end__ = __tdata_run_end__
                0x0000000000000001                . = ASSERT (((__tdata_run_start__ == __tdata_run_end__) || ((__tdata_run_end__ - __RAM1_segment_start__) <= __RAM1_segment_size__)), error: .tdata_run is too large to fit in RAM1 memory segment)
                0x000000002000003c                __bss_load_start__ = ALIGN (__tdata_run_end__, 0x4)

.bss            0x000000002000003c      0xbbc
                0x000000002000003c                __bss_start__ = .
 *(.bss .bss.* .gnu.linkonce.b.*)
 .bss.log_mempool_nrf_balloc_cb
                0x000000002000003c        0x8 Output/Release/Obj/timer_pca10040/nrf_log_frontend.o
 .bss.log_mempool_nrf_balloc_pool_mem
                0x0000000020000044       0xc0 Output/Release/Obj/timer_pca10040/nrf_log_frontend.o
 .bss.log_mempool_nrf_balloc_pool_stack
                0x0000000020000104        0x8 Output/Release/Obj/timer_pca10040/nrf_log_frontend.o
 .bss.m_log_data
                0x000000002000010c      0x420 Output/Release/Obj/timer_pca10040/nrf_log_frontend.o
 .bss.m_log_push_ringbuf_buf
                0x000000002000052c       0x80 Output/Release/Obj/timer_pca10040/nrf_log_frontend.o
 .bss.m_log_push_ringbuf_cb
                0x00000000200005ac       0x18 Output/Release/Obj/timer_pca10040/nrf_log_frontend.o
 .bss.m_host_present
                0x00000000200005c4        0x1 Output/Release/Obj/timer_pca10040/nrf_log_backend_rtt.o
 .bss.m_string_buff
                0x00000000200005c5       0x40 Output/Release/Obj/timer_pca10040/nrf_log_backend_rtt.o
 .bss.m_async_mode
                0x0000000020000605        0x1 Output/Release/Obj/timer_pca10040/nrf_log_backend_uart.o
 .bss.m_string_buff
                0x0000000020000606       0x40 Output/Release/Obj/timer_pca10040/nrf_log_backend_uart.o
 .bss.m_xfer_done
                0x0000000020000646        0x1 Output/Release/Obj/timer_pca10040/nrf_log_backend_uart.o
 *fill*         0x0000000020000647        0x1 
 .bss.m_in_critical_region
                0x0000000020000648        0x4 Output/Release/Obj/timer_pca10040/app_util_platform.o
 .bss.m_cb      0x000000002000064c        0xc Output/Release/Obj/timer_pca10040/nrfx_timer.o
 .bss.m_cb      0x0000000020000658       0x30 Output/Release/Obj/timer_pca10040/nrfx_saadc.o
 .bss.m_cb      0x0000000020000688       0x68 Output/Release/Obj/timer_pca10040/nrfx_twim.o
 .bss.m_contexts
                0x00000000200006f0        0x8 Output/Release/Obj/timer_pca10040/nrf_drv_twi.o
 .bss.m_handlers
                0x00000000200006f8        0x8 Output/Release/Obj/timer_pca10040/nrf_drv_twi.o
 .bss.m_prs_box_4
                0x0000000020000700        0x8 Output/Release/Obj/timer_pca10040/nrfx_prs.o
 .bss.m_contexts
                0x0000000020000708        0x4 Output/Release/Obj/timer_pca10040/nrf_drv_uart.o
 .bss.m_handlers
                0x000000002000070c        0x4 Output/Release/Obj/timer_pca10040/nrf_drv_uart.o
 .bss.nrf_drv_uart_use_easy_dma
                0x0000000020000710        0x1 Output/Release/Obj/timer_pca10040/nrf_drv_uart.o
                0x0000000020000710                nrf_drv_uart_use_easy_dma
 *fill*         0x0000000020000711        0x3 
 .bss.m_cb      0x0000000020000714       0x2c Output/Release/Obj/timer_pca10040/nrfx_uart.o
 .bss.m_cb      0x0000000020000740       0x24 Output/Release/Obj/timer_pca10040/nrfx_uarte.o
 .bss.count     0x0000000020000764        0x4 Output/Release/Obj/timer_pca10040/main.o
                0x0000000020000764                count
 .bss._SEGGER_RTT
                0x0000000020000768       0x78 Output/Release/Obj/timer_pca10040/SEGGER_RTT.o
                0x0000000020000768                _SEGGER_RTT
 .bss._acDownBuffer
                0x00000000200007e0       0x10 Output/Release/Obj/timer_pca10040/SEGGER_RTT.o
 .bss._acUpBuffer
                0x00000000200007f0      0x200 Output/Release/Obj/timer_pca10040/SEGGER_RTT.o
 .bss.GTXBuffer
                0x00000000200009f0      0x200 Output/Release/Obj/timer_pca10040/common.o
                0x00000000200009f0                GTXBuffer
 .bss.dev_addr  0x0000000020000bf0        0x1 Output/Release/Obj/timer_pca10040/common.o
 *fill*         0x0000000020000bf1        0x3 
 .bss.libc.__user_format_extender
                0x0000000020000bf4        0x4 C:/Program Files/SEGGER/SEGGER Embedded Studio for ARM 5.70a/lib/libc_v7em_fpv4_sp_d16_hard_t_le_eabi.a(libc2.o)
                0x0000000020000bf4                __user_format_extender
 *(COMMON)
                0x0000000020000bf8                __bss_end__ = (__bss_start__ + SIZEOF (.bss))
                0x0000000000000bbc                __bss_size__ = SIZEOF (.bss)
                0x0000000020000bf8                __bss_load_end__ = __bss_end__
                0x0000000000000001                . = ASSERT (((__bss_start__ == __bss_end__) || ((__bss_end__ - __RAM1_segment_start__) <= __RAM1_segment_size__)), error: .bss is too large to fit in RAM1 memory segment)
                0x0000000020000bf8                __tbss_load_start__ = ALIGN (__bss_end__, 0x4)

.tbss           0x0000000020000bf8        0x0
                0x0000000020000bf8                __tbss_start__ = .
 *(.tbss .tbss.*)
                0x0000000020000bf8                __tbss_end__ = (__tbss_start__ + SIZEOF (.tbss))
                0x0000000000000000                __tbss_size__ = SIZEOF (.tbss)
                0x0000000020000bf8                __tbss_load_end__ = __tbss_end__
                0x0000000000000001                . = ASSERT (((__tbss_start__ == __tbss_end__) || ((__tbss_end__ - __RAM1_segment_start__) <= __RAM1_segment_size__)), error: .tbss is too large to fit in RAM1 memory segment)
                0x0000000020000bf8                __non_init_load_start__ = ALIGN (__tbss_end__, 0x4)

.non_init       0x0000000020000bf8        0x0
                0x0000000020000bf8                __non_init_start__ = .
 *(.non_init .non_init.*)
                0x0000000020000bf8                __non_init_end__ = (__non_init_start__ + SIZEOF (.non_init))
                0x0000000000000000                __non_init_size__ = SIZEOF (.non_init)
                0x0000000020000bf8                __non_init_load_end__ = __non_init_end__
                0x0000000000000001                . = ASSERT (((__non_init_start__ == __non_init_end__) || ((__non_init_end__ - __RAM1_segment_start__) <= __RAM1_segment_size__)), error: .non_init is too large to fit in RAM1 memory segment)
                0x0000000020000bf8                __heap_load_start__ = ALIGN (__non_init_end__, 0x4)

.heap           0x0000000020000bf8     0x2000
                0x0000000020000bf8                __heap_start__ = .
 *(.heap .heap.*)
                0x0000000020002bf8                . = ALIGN (MAX ((__heap_start__ + __HEAPSIZE__), .), 0x4)
 *fill*         0x0000000020000bf8     0x2000 
                0x0000000020002bf8                __heap_end__ = (__heap_start__ + SIZEOF (.heap))
                0x0000000000002000                __heap_size__ = SIZEOF (.heap)
                0x0000000020002bf8                __heap_load_end__ = __heap_end__
                0x0000000000000001                . = ASSERT (((__heap_start__ == __heap_end__) || ((__heap_end__ - __RAM1_segment_start__) <= __RAM1_segment_size__)), error: .heap is too large to fit in RAM1 memory segment)
                0x000000002000e000                __stack_load_start__ = (__RAM1_segment_start__ + (__RAM1_segment_size__ - 0x2000))

.stack          0x000000002000e000     0x2000
                0x000000002000e000                __stack_start__ = .
                0x000000002000e000                __StackLimit = __stack_start__
 *(.stack .stack.*)
                0x0000000020010000                . = ALIGN (MAX ((__stack_start__ + __STACKSIZE__), .), 0x8)
 *fill*         0x000000002000e000     0x2000 
                0x0000000020010000                __stack_end__ = (__stack_start__ + SIZEOF (.stack))
                0x0000000000002000                __stack_size__ = SIZEOF (.stack)
                0x0000000020010000                __StackTop = __stack_end__
                0x0000000020010000                __stack_load_end__ = __stack_end__
                0x0000000000000001                . = ASSERT (((__stack_start__ == __stack_end__) || ((__stack_end__ - __RAM1_segment_start__) <= __RAM1_segment_size__)), error: .stack is too large to fit in RAM1 memory segment)
                0x0000000000000001                . = ASSERT ((__heap_end__ <= __stack_start__), error: section .heap overlaps absolute placed section .stack)
                0x0000000020010000                __stack_process_load_start__ = ALIGN (__stack_end__, 0x8)

.stack_process  0x0000000020010000        0x0
                0x0000000020010000                __stack_process_start__ = .
 *(.stack_process .stack_process.*)
                0x0000000020010000                . = ALIGN (MAX ((__stack_process_start__ + __STACKSIZE_PROCESS__), .), 0x8)
                0x0000000020010000                __stack_process_end__ = (__stack_process_start__ + SIZEOF (.stack_process))
                0x0000000000000000                __stack_process_size__ = SIZEOF (.stack_process)
                0x0000000020010000                __stack_process_load_end__ = __stack_process_end__
                0x0000000020010000                __RAM1_segment_used_end__ = (ALIGN (__stack_end__, 0x8) + SIZEOF (.stack_process))
                0x0000000000010000                __RAM1_segment_used_size__ = (__RAM1_segment_used_end__ - __RAM1_segment_start__)
                0x0000000000000001                . = ASSERT (((__stack_process_start__ == __stack_process_end__) || ((__stack_process_end__ - __RAM1_segment_start__) <= __RAM1_segment_size__)), error: .stack_process is too large to fit in RAM1 memory segment)
START GROUP
LOAD Output/Release/Obj/timer_pca10040/thumb_crt0.o
LOAD Output/Release/Obj/timer_pca10040/nrf_log_frontend.o
LOAD Output/Release/Obj/timer_pca10040/nrf_log_str_formatter.o
LOAD Output/Release/Obj/timer_pca10040/nrf_log_default_backends.o
LOAD Output/Release/Obj/timer_pca10040/nrf_log_backend_flash.o
LOAD Output/Release/Obj/timer_pca10040/nrf_log_backend_rtt.o
LOAD Output/Release/Obj/timer_pca10040/nrf_log_backend_serial.o
LOAD Output/Release/Obj/timer_pca10040/nrf_log_backend_uart.o
LOAD Output/Release/Obj/timer_pca10040/boards.o
LOAD Output/Release/Obj/timer_pca10040/app_error.o
LOAD Output/Release/Obj/timer_pca10040/app_error_handler_gcc.o
LOAD Output/Release/Obj/timer_pca10040/app_error_weak.o
LOAD Output/Release/Obj/timer_pca10040/app_util_platform.o
LOAD Output/Release/Obj/timer_pca10040/nrf_assert.o
LOAD Output/Release/Obj/timer_pca10040/nrf_atomic.o
LOAD Output/Release/Obj/timer_pca10040/nrf_balloc.o
LOAD Output/Release/Obj/timer_pca10040/nrf_fprintf.o
LOAD Output/Release/Obj/timer_pca10040/nrf_fprintf_format.o
LOAD Output/Release/Obj/timer_pca10040/nrf_memobj.o
LOAD Output/Release/Obj/timer_pca10040/nrf_ringbuf.o
LOAD Output/Release/Obj/timer_pca10040/nrf_strerror.o
LOAD Output/Release/Obj/timer_pca10040/nrfx_atomic.o
LOAD Output/Release/Obj/timer_pca10040/nrfx_timer.o
LOAD Output/Release/Obj/timer_pca10040/nrfx_saadc.o
LOAD Output/Release/Obj/timer_pca10040/nrfx_twi.o
LOAD Output/Release/Obj/timer_pca10040/nrfx_twim.o
LOAD Output/Release/Obj/timer_pca10040/nrf_drv_twi.o
LOAD Output/Release/Obj/timer_pca10040/nrfx_prs.o
LOAD Output/Release/Obj/timer_pca10040/nrf_drv_uart.o
LOAD Output/Release/Obj/timer_pca10040/nrfx_uart.o
LOAD Output/Release/Obj/timer_pca10040/nrfx_uarte.o
LOAD Output/Release/Obj/timer_pca10040/main.o
LOAD Output/Release/Obj/timer_pca10040/ses_startup_nrf52.o
LOAD Output/Release/Obj/timer_pca10040/ses_startup_nrf_common.o
LOAD Output/Release/Obj/timer_pca10040/system_nrf52.o
LOAD Output/Release/Obj/timer_pca10040/SEGGER_RTT.o
LOAD Output/Release/Obj/timer_pca10040/SEGGER_RTT_printf.o
LOAD Output/Release/Obj/timer_pca10040/SEGGER_RTT_Syscalls_SES.o
LOAD Output/Release/Obj/timer_pca10040/reading_scd41.o
LOAD Output/Release/Obj/timer_pca10040/reading_sps30.o
LOAD Output/Release/Obj/timer_pca10040/scd4x_i2c.o
LOAD Output/Release/Obj/timer_pca10040/sensirion_common.o
LOAD Output/Release/Obj/timer_pca10040/sensirion_i2c.o
LOAD Output/Release/Obj/timer_pca10040/sensirion_i2c_hal.o
LOAD Output/Release/Obj/timer_pca10040/sps30.o
LOAD Output/Release/Obj/timer_pca10040/bme68x.o
LOAD Output/Release/Obj/timer_pca10040/common.o
LOAD C:/Program Files/SEGGER/SEGGER Embedded Studio for ARM 5.70a/lib/libm_v7em_fpv4_sp_d16_hard_t_le_eabi.a
LOAD C:/Program Files/SEGGER/SEGGER Embedded Studio for ARM 5.70a/lib/libc_v7em_fpv4_sp_d16_hard_t_le_eabi.a
LOAD C:/Program Files/SEGGER/SEGGER Embedded Studio for ARM 5.70a/lib/libdebugio_v7em_fpv4_sp_d16_hard_t_le_eabi.a
END GROUP
OUTPUT(Output/Release/Exe/timer_pca10040.elf elf32-littlearm)
LOAD linker stubs

.ARM.attributes
                0x0000000000000000       0x32
 .ARM.attributes
                0x0000000000000000       0x20 Output/Release/Obj/timer_pca10040/thumb_crt0.o
 .ARM.attributes
                0x0000000000000020       0x36 Output/Release/Obj/timer_pca10040/nrf_log_frontend.o
 .ARM.attributes
                0x0000000000000056       0x36 Output/Release/Obj/timer_pca10040/nrf_log_str_formatter.o
 .ARM.attributes
                0x000000000000008c       0x36 Output/Release/Obj/timer_pca10040/nrf_log_default_backends.o
 .ARM.attributes
                0x00000000000000c2       0x36 Output/Release/Obj/timer_pca10040/nrf_log_backend_rtt.o
 .ARM.attributes
                0x00000000000000f8       0x36 Output/Release/Obj/timer_pca10040/nrf_log_backend_serial.o
 .ARM.attributes
                0x000000000000012e       0x36 Output/Release/Obj/timer_pca10040/nrf_log_backend_uart.o
 .ARM.attributes
                0x0000000000000164       0x36 Output/Release/Obj/timer_pca10040/app_error.o
 .ARM.attributes
                0x000000000000019a       0x36 Output/Release/Obj/timer_pca10040/app_error_weak.o
 .ARM.attributes
                0x00000000000001d0       0x36 Output/Release/Obj/timer_pca10040/app_util_platform.o
 .ARM.attributes
                0x0000000000000206       0x36 Output/Release/Obj/timer_pca10040/nrf_atomic.o
 .ARM.attributes
                0x000000000000023c       0x36 Output/Release/Obj/timer_pca10040/nrf_balloc.o
 .ARM.attributes
                0x0000000000000272       0x36 Output/Release/Obj/timer_pca10040/nrf_fprintf.o
 .ARM.attributes
                0x00000000000002a8       0x36 Output/Release/Obj/timer_pca10040/nrf_fprintf_format.o
 .ARM.attributes
                0x00000000000002de       0x36 Output/Release/Obj/timer_pca10040/nrf_memobj.o
 .ARM.attributes
                0x0000000000000314       0x36 Output/Release/Obj/timer_pca10040/nrf_ringbuf.o
 .ARM.attributes
                0x000000000000034a       0x36 Output/Release/Obj/timer_pca10040/nrfx_timer.o
 .ARM.attributes
                0x0000000000000380       0x36 Output/Release/Obj/timer_pca10040/nrfx_saadc.o
 .ARM.attributes
                0x00000000000003b6       0x36 Output/Release/Obj/timer_pca10040/nrfx_twim.o
 .ARM.attributes
                0x00000000000003ec       0x36 Output/Release/Obj/timer_pca10040/nrf_drv_twi.o
 .ARM.attributes
                0x0000000000000422       0x36 Output/Release/Obj/timer_pca10040/nrfx_prs.o
 .ARM.attributes
                0x0000000000000458       0x36 Output/Release/Obj/timer_pca10040/nrf_drv_uart.o
 .ARM.attributes
                0x000000000000048e       0x36 Output/Release/Obj/timer_pca10040/nrfx_uart.o
 .ARM.attributes
                0x00000000000004c4       0x36 Output/Release/Obj/timer_pca10040/nrfx_uarte.o
 .ARM.attributes
                0x00000000000004fa       0x36 Output/Release/Obj/timer_pca10040/main.o
 .ARM.attributes
                0x0000000000000530       0x20 Output/Release/Obj/timer_pca10040/ses_startup_nrf52.o
 .ARM.attributes
                0x0000000000000550       0x20 Output/Release/Obj/timer_pca10040/ses_startup_nrf_common.o
 .ARM.attributes
                0x0000000000000570       0x36 Output/Release/Obj/timer_pca10040/system_nrf52.o
 .ARM.attributes
                0x00000000000005a6       0x36 Output/Release/Obj/timer_pca10040/SEGGER_RTT.o
 .ARM.attributes
                0x00000000000005dc       0x36 Output/Release/Obj/timer_pca10040/SEGGER_RTT_Syscalls_SES.o
 .ARM.attributes
                0x0000000000000612       0x36 Output/Release/Obj/timer_pca10040/bme68x.o
 .ARM.attributes
                0x0000000000000648       0x36 Output/Release/Obj/timer_pca10040/common.o
 .ARM.attributes
                0x000000000000067e       0x20 C:/Program Files/SEGGER/SEGGER Embedded Studio for ARM 5.70a/lib/libm_v7em_fpv4_sp_d16_hard_t_le_eabi.a(libm_asm.o)
 .ARM.attributes
                0x000000000000069e       0x36 C:/Program Files/SEGGER/SEGGER Embedded Studio for ARM 5.70a/lib/libc_v7em_fpv4_sp_d16_hard_t_le_eabi.a(libc2.o)
 .ARM.attributes
                0x00000000000006d4       0x20 C:/Program Files/SEGGER/SEGGER Embedded Studio for ARM 5.70a/lib/libc_v7em_fpv4_sp_d16_hard_t_le_eabi.a(libc2_asm.o)
 .ARM.attributes
                0x00000000000006f4       0x36 C:/Program Files/SEGGER/SEGGER Embedded Studio for ARM 5.70a/lib/libc_v7em_fpv4_sp_d16_hard_t_le_eabi.a(libvfprintf.o)

.comment        0x0000000000000000       0x3f
 .comment       0x0000000000000000       0x3f Output/Release/Obj/timer_pca10040/nrf_log_frontend.o
                                         0x40 (size before relaxing)
 .comment       0x000000000000003f       0x40 Output/Release/Obj/timer_pca10040/nrf_log_str_formatter.o
 .comment       0x000000000000003f       0x40 Output/Release/Obj/timer_pca10040/nrf_log_default_backends.o
 .comment       0x000000000000003f       0x40 Output/Release/Obj/timer_pca10040/nrf_log_backend_rtt.o
 .comment       0x000000000000003f       0x40 Output/Release/Obj/timer_pca10040/nrf_log_backend_serial.o
 .comment       0x000000000000003f       0x40 Output/Release/Obj/timer_pca10040/nrf_log_backend_uart.o
 .comment       0x000000000000003f       0x40 Output/Release/Obj/timer_pca10040/app_error.o
 .comment       0x000000000000003f       0x40 Output/Release/Obj/timer_pca10040/app_error_weak.o
 .comment       0x000000000000003f       0x40 Output/Release/Obj/timer_pca10040/app_util_platform.o
 .comment       0x000000000000003f       0x40 Output/Release/Obj/timer_pca10040/nrf_atomic.o
 .comment       0x000000000000003f       0x40 Output/Release/Obj/timer_pca10040/nrf_balloc.o
 .comment       0x000000000000003f       0x40 Output/Release/Obj/timer_pca10040/nrf_fprintf.o
 .comment       0x000000000000003f       0x40 Output/Release/Obj/timer_pca10040/nrf_fprintf_format.o
 .comment       0x000000000000003f       0x40 Output/Release/Obj/timer_pca10040/nrf_memobj.o
 .comment       0x000000000000003f       0x40 Output/Release/Obj/timer_pca10040/nrf_ringbuf.o
 .comment       0x000000000000003f       0x40 Output/Release/Obj/timer_pca10040/nrfx_timer.o
 .comment       0x000000000000003f       0x40 Output/Release/Obj/timer_pca10040/nrfx_saadc.o
 .comment       0x000000000000003f       0x40 Output/Release/Obj/timer_pca10040/nrfx_twim.o
 .comment       0x000000000000003f       0x40 Output/Release/Obj/timer_pca10040/nrf_drv_twi.o
 .comment       0x000000000000003f       0x40 Output/Release/Obj/timer_pca10040/nrfx_prs.o
 .comment       0x000000000000003f       0x40 Output/Release/Obj/timer_pca10040/nrf_drv_uart.o
 .comment       0x000000000000003f       0x40 Output/Release/Obj/timer_pca10040/nrfx_uart.o
 .comment       0x000000000000003f       0x40 Output/Release/Obj/timer_pca10040/nrfx_uarte.o
 .comment       0x000000000000003f       0x40 Output/Release/Obj/timer_pca10040/main.o
 .comment       0x000000000000003f       0x40 Output/Release/Obj/timer_pca10040/system_nrf52.o
 .comment       0x000000000000003f       0x40 Output/Release/Obj/timer_pca10040/SEGGER_RTT.o
 .comment       0x000000000000003f       0x40 Output/Release/Obj/timer_pca10040/SEGGER_RTT_Syscalls_SES.o
 .comment       0x000000000000003f       0x40 Output/Release/Obj/timer_pca10040/bme68x.o
 .comment       0x000000000000003f       0x40 Output/Release/Obj/timer_pca10040/common.o
 .comment       0x000000000000003f       0x40 C:/Program Files/SEGGER/SEGGER Embedded Studio for ARM 5.70a/lib/libc_v7em_fpv4_sp_d16_hard_t_le_eabi.a(libc2.o)
 .comment       0x000000000000003f       0x40 C:/Program Files/SEGGER/SEGGER Embedded Studio for ARM 5.70a/lib/libc_v7em_fpv4_sp_d16_hard_t_le_eabi.a(libvfprintf.o)

.debug_line     0x0000000000000000    0x146ba
 .debug_line    0x0000000000000000      0x21f Output/Release/Obj/timer_pca10040/thumb_crt0.o
 .debug_line    0x000000000000021f     0x1278 Output/Release/Obj/timer_pca10040/nrf_log_frontend.o
 .debug_line    0x0000000000001497      0x7bc Output/Release/Obj/timer_pca10040/nrf_log_str_formatter.o
 .debug_line    0x0000000000001c53      0x5eb Output/Release/Obj/timer_pca10040/nrf_log_default_backends.o
 .debug_line    0x000000000000223e      0x8fd Output/Release/Obj/timer_pca10040/nrf_log_backend_rtt.o
 .debug_line    0x0000000000002b3b      0x6b5 Output/Release/Obj/timer_pca10040/nrf_log_backend_serial.o
 .debug_line    0x00000000000031f0      0x962 Output/Release/Obj/timer_pca10040/nrf_log_backend_uart.o
 .debug_line    0x0000000000003b52      0x3a9 Output/Release/Obj/timer_pca10040/app_error.o
 .debug_line    0x0000000000003efb      0x6e0 Output/Release/Obj/timer_pca10040/app_error_weak.o
 .debug_line    0x00000000000045db      0x437 Output/Release/Obj/timer_pca10040/app_util_platform.o
 .debug_line    0x0000000000004a12      0x68d Output/Release/Obj/timer_pca10040/nrf_atomic.o
 .debug_line    0x000000000000509f      0x69e Output/Release/Obj/timer_pca10040/nrf_balloc.o
 .debug_line    0x000000000000573d      0x3c9 Output/Release/Obj/timer_pca10040/nrf_fprintf.o
 .debug_line    0x0000000000005b06      0x835 Output/Release/Obj/timer_pca10040/nrf_fprintf_format.o
 .debug_line    0x000000000000633b      0x7f4 Output/Release/Obj/timer_pca10040/nrf_memobj.o
 .debug_line    0x0000000000006b2f      0x76a Output/Release/Obj/timer_pca10040/nrf_ringbuf.o
 .debug_line    0x0000000000007299      0xf79 Output/Release/Obj/timer_pca10040/nrfx_timer.o
 .debug_line    0x0000000000008212     0x1816 Output/Release/Obj/timer_pca10040/nrfx_saadc.o
 .debug_line    0x0000000000009a28     0x17b2 Output/Release/Obj/timer_pca10040/nrfx_twim.o
 .debug_line    0x000000000000b1da      0x8d9 Output/Release/Obj/timer_pca10040/nrf_drv_twi.o
 .debug_line    0x000000000000bab3      0x724 Output/Release/Obj/timer_pca10040/nrfx_prs.o
 .debug_line    0x000000000000c1d7      0x66d Output/Release/Obj/timer_pca10040/nrf_drv_uart.o
 .debug_line    0x000000000000c844     0x17b6 Output/Release/Obj/timer_pca10040/nrfx_uart.o
 .debug_line    0x000000000000dffa     0x1744 Output/Release/Obj/timer_pca10040/nrfx_uarte.o
 .debug_line    0x000000000000f73e      0xf0f Output/Release/Obj/timer_pca10040/main.o
 .debug_line    0x000000000001064d       0x86 Output/Release/Obj/timer_pca10040/ses_startup_nrf52.o
 .debug_line    0x00000000000106d3       0xa8 Output/Release/Obj/timer_pca10040/ses_startup_nrf_common.o
 .debug_line    0x000000000001077b      0x704 Output/Release/Obj/timer_pca10040/system_nrf52.o
 .debug_line    0x0000000000010e7f     0x1266 Output/Release/Obj/timer_pca10040/SEGGER_RTT.o
 .debug_line    0x00000000000120e5      0x43e Output/Release/Obj/timer_pca10040/SEGGER_RTT_Syscalls_SES.o
 .debug_line    0x0000000000012523     0x1936 Output/Release/Obj/timer_pca10040/bme68x.o
 .debug_line    0x0000000000013e59      0x861 Output/Release/Obj/timer_pca10040/common.o

.debug_info     0x0000000000000000    0x21661
 .debug_info    0x0000000000000000       0x22 Output/Release/Obj/timer_pca10040/thumb_crt0.o
 .debug_info    0x0000000000000022     0x2330 Output/Release/Obj/timer_pca10040/nrf_log_frontend.o
 .debug_info    0x0000000000002352      0x7a5 Output/Release/Obj/timer_pca10040/nrf_log_str_formatter.o
 .debug_info    0x0000000000002af7      0x361 Output/Release/Obj/timer_pca10040/nrf_log_default_backends.o
 .debug_info    0x0000000000002e58      0x54b Output/Release/Obj/timer_pca10040/nrf_log_backend_rtt.o
 .debug_info    0x00000000000033a3      0x77b Output/Release/Obj/timer_pca10040/nrf_log_backend_serial.o